# 2026-08-30 01:24:10
# run hook: build recovery

[36m==========================================[0m
[36m          Start building recovery(buildroot)[0m
[36m==========================================[0m
[35m
Your network is not able to access sources.buildroot.net!
Please retry later (it could be down for a while) or setup a VPN to bypass the GFW.
[0m[35mWill continue in 5 seconds ...
5 ...
4 ...
3 ...
2 ...
1 ...
[0m
make: Entering directory '/home/linux/rk3506/buildroot'
  GEN     /home/linux/rk3506/buildroot/output/rockchip_rk3506_recovery/Makefile
Parsing defconfig: /home/linux/rk3506/buildroot/configs/rockchip_rk3506_recovery_defconfig
Using configs/rockchip/base/kernel.config as base
Merging configs/rockchip/fs/e2fs.config
Merging configs/rockchip/base/common.config
Merging configs/rockchip/base/base.config
Merging configs/rockchip/base/kernel.config
Merging configs/rockchip/fs/e2fs.config
Merging configs/rockchip/base/common.config
Merging configs/rockchip/fs/vfat.config
Merging configs/rockchip/base/recovery.config
Merging configs/rockchip/chips/rk3506.config
Value of BR2_ROOTFS_OVERLAY is redefined by configs/rockchip/chips/rk3506.config:
Previous value:	BR2_ROOTFS_OVERLAY="board/rockchip/common/base"
Modify value:	BR2_ROOTFS_OVERLAY+="board/rockchip/rk3506/fs-overlay/"
New value:	BR2_ROOTFS_OVERLAY="board/rockchip/common/base board/rockchip/rk3506/fs-overlay/"

Merging configs/rockchip/chips/rk3506_arm.config
Merging /home/linux/rk3506/buildroot/configs/rockchip_rk3506_recovery_defconfig
#
# merged configuration written to /home/linux/rk3506/buildroot/output/rockchip_rk3506_recovery/.config.in (needs make)
#
#
# configuration written to /home/linux/rk3506/buildroot/output/rockchip_rk3506_recovery/.config
#
make: Leaving directory '/home/linux/rk3506/buildroot'
464c464
< BR2_JLEVEL=1
---
> BR2_JLEVEL=0
[34mBuildroot config changed![0m
[34mYou might need to clean it before building:[0m
[34mrm -rf /home/linux/rk3506/buildroot/output/rockchip_rk3506_recovery
[0m
2026-08-30T01:24:30 [7m>>> eudev 3.2.14 Extracting[27m
2026-08-30T01:24:30 [7m>>> eudev 3.2.14 Patching[27m
2026-08-30T01:24:30 [7m>>> eudev 3.2.14 Updating config.sub and config.guess[27m
2026-08-30T01:24:30 [7m>>> eudev 3.2.14 Patching libtool[27m
2026-08-30T01:24:30 [7m>>> eudev 3.2.14 Configuring[27m
2026-08-30T01:24:53 [7m>>> eudev 3.2.14 Building[27m
2026-08-30T01:25:36 [7m>>> eudev 3.2.14 Installing to staging directory[27m
2026-08-30T01:25:37 [7m>>> eudev 3.2.14 Fixing libtool files[27m
2026-08-30T01:25:37 [7m>>> eudev 3.2.14 Installing to target[27m
2026-08-30T01:25:40 [7m>>> udev  Extracting[27m
2026-08-30T01:25:40 [7m>>> udev  Patching[27m
2026-08-30T01:25:40 [7m>>> udev  Configuring[27m
2026-08-30T01:25:40 [7m>>> udev  Building[27m
2026-08-30T01:25:40 [7m>>> udev  Installing to target[27m
2026-08-30T01:25:41 [7m>>> dosfstools 4.2 Downloading[27m
Done in 1min 24s  (error code: 2)
[91mFailed to build rockchip_rk3506_recovery:[0m
2026-08-30T01:25:38 so_img_name=$(readlink /home/linux/rk3506/buildroot/output/rockchip_rk3506_recovery/target/usr/lib/$libname) && \
2026-08-30T01:25:38 so_img_rel_target_prefix=$(echo /usr/lib | sed 's,\(^/\)\?[^/]\+,..,g') && \
2026-08-30T01:25:38 ln -s -f $so_img_rel_target_prefix/usr/lib/$so_img_name /home/linux/rk3506/buildroot/output/rockchip_rk3506_recovery/target/usr/lib/$libname && \
2026-08-30T01:25:38 mv /home/linux/rk3506/buildroot/output/rockchip_rk3506_recovery/target/usr/lib/$libname.* /home/linux/rk3506/buildroot/output/rockchip_rk3506_recovery/target/usr/lib; \
2026-08-30T01:25:38 fi
2026-08-30T01:25:38 /usr/bin/mkdir -p '/home/linux/rk3506/buildroot/output/rockchip_rk3506_recovery/target/usr/include'
2026-08-30T01:25:38 /usr/bin/install -c -m 644 libudev.h '/home/linux/rk3506/buildroot/output/rockchip_rk3506_recovery/target/usr/include'
2026-08-30T01:25:38 /usr/bin/mkdir -p '/home/linux/rk3506/buildroot/output/rockchip_rk3506_recovery/target/usr/lib/pkgconfig'
2026-08-30T01:25:38 /usr/bin/install -c -m 644 libudev.pc '/home/linux/rk3506/buildroot/output/rockchip_rk3506_recovery/target/usr/lib/pkgconfig'
2026-08-30T01:25:38 Making install in udev
2026-08-30T01:25:38 /usr/bin/make  install-am
2026-08-30T01:25:38 /usr/bin/mkdir -p '/home/linux/rk3506/buildroot/output/rockchip_rk3506_recovery/target/usr/bin'
2026-08-30T01:25:38 /bin/bash ../../libtool   --mode=install /usr/bin/install -c udevadm '/home/linux/rk3506/buildroot/output/rockchip_rk3506_recovery/target/usr/bin'
2026-08-30T01:25:38 libtool: install: /usr/bin/install -c udevadm /home/linux/rk3506/buildroot/output/rockchip_rk3506_recovery/target/usr/bin/udevadm
2026-08-30T01:25:38 /usr/bin/mkdir -p '/home/linux/rk3506/buildroot/output/rockchip_rk3506_recovery/target/sbin'
2026-08-30T01:25:38 /bin/bash ../../libtool   --mode=install /usr/bin/install -c udevd '/home/linux/rk3506/buildroot/output/rockchip_rk3506_recovery/target/sbin'
2026-08-30T01:25:38 libtool: install: /usr/bin/install -c udevd /home/linux/rk3506/buildroot/output/rockchip_rk3506_recovery/target/sbin/udevd
2026-08-30T01:25:38 /usr/bin/make  install-exec-hook
2026-08-30T01:25:38 test "/usr/bin" = "/sbin" || \
2026-08-30T01:25:38 ln -s -f /usr/bin/udevadm /home/linux/rk3506/buildroot/output/rockchip_rk3506_recovery/target/sbin/udevadm
2026-08-30T01:25:38 /usr/bin/mkdir -p '/home/linux/rk3506/buildroot/output/rockchip_rk3506_recovery/target/etc/udev'
2026-08-30T01:25:38 /usr/bin/install -c -m 644 udev.conf '/home/linux/rk3506/buildroot/output/rockchip_rk3506_recovery/target/etc/udev'
2026-08-30T01:25:38 /usr/bin/mkdir -p '/home/linux/rk3506/buildroot/output/rockchip_rk3506_recovery/target/usr/include'
2026-08-30T01:25:38 /usr/bin/install -c -m 644 udev.h '/home/linux/rk3506/buildroot/output/rockchip_rk3506_recovery/target/usr/include'
2026-08-30T01:25:38 /usr/bin/mkdir -p '/home/linux/rk3506/buildroot/output/rockchip_rk3506_recovery/target/usr/share/pkgconfig'
2026-08-30T01:25:38 /usr/bin/install -c -m 644 udev.pc '/home/linux/rk3506/buildroot/output/rockchip_rk3506_recovery/target/usr/share/pkgconfig'
2026-08-30T01:25:38 Making install in ata_id
2026-08-30T01:25:38 /usr/bin/mkdir -p '/home/linux/rk3506/buildroot/output/rockchip_rk3506_recovery/target/usr/lib/udev'
2026-08-30T01:25:38 /bin/bash ../../libtool   --mode=install /usr/bin/install -c ata_id '/home/linux/rk3506/buildroot/output/rockchip_rk3506_recovery/target/usr/lib/udev'
2026-08-30T01:25:38 libtool: install: /usr/bin/install -c ata_id /home/linux/rk3506/buildroot/output/rockchip_rk3506_recovery/target/usr/lib/udev/ata_id
2026-08-30T01:25:38 make[5]: Nothing to be done for 'install-data-am'.
2026-08-30T01:25:38 Making install in cdrom_id
2026-08-30T01:25:38 /usr/bin/mkdir -p '/home/linux/rk3506/buildroot/output/rockchip_rk3506_recovery/target/usr/lib/udev'
2026-08-30T01:25:38 /bin/bash ../../libtool   --mode=install /usr/bin/install -c cdrom_id '/home/linux/rk3506/buildroot/output/rockchip_rk3506_recovery/target/usr/lib/udev'
2026-08-30T01:25:38 libtool: install: /usr/bin/install -c cdrom_id /home/linux/rk3506/buildroot/output/rockchip_rk3506_recovery/target/usr/lib/udev/cdrom_id
2026-08-30T01:25:38 make[5]: Nothing to be done for 'install-data-am'.
2026-08-30T01:25:38 Making install in collect
2026-08-30T01:25:38 /usr/bin/mkdir -p '/home/linux/rk3506/buildroot/output/rockchip_rk3506_recovery/target/usr/lib/udev'
2026-08-30T01:25:38 /bin/bash ../../libtool   --mode=install /usr/bin/install -c collect '/home/linux/rk3506/buildroot/output/rockchip_rk3506_recovery/target/usr/lib/udev'
2026-08-30T01:25:38 libtool: install: /usr/bin/install -c collect /home/linux/rk3506/buildroot/output/rockchip_rk3506_recovery/target/usr/lib/udev/collect
2026-08-30T01:25:38 make[5]: Nothing to be done for 'install-data-am'.
2026-08-30T01:25:38 Making install in dmi_memory_id
2026-08-30T01:25:38 /usr/bin/mkdir -p '/home/linux/rk3506/buildroot/output/rockchip_rk3506_recovery/target/usr/lib/udev'
2026-08-30T01:25:38 /bin/bash ../../libtool   --mode=install /usr/bin/install -c dmi_memory_id '/home/linux/rk3506/buildroot/output/rockchip_rk3506_recovery/target/usr/lib/udev'
2026-08-30T01:25:38 libtool: install: /usr/bin/install -c dmi_memory_id /home/linux/rk3506/buildroot/output/rockchip_rk3506_recovery/target/usr/lib/udev/dmi_memory_id
2026-08-30T01:25:38 make[5]: Nothing to be done for 'install-data-am'.
2026-08-30T01:25:38 Making install in fido_id
2026-08-30T01:25:38 /usr/bin/mkdir -p '/home/linux/rk3506/buildroot/output/rockchip_rk3506_recovery/target/usr/lib/udev'
2026-08-30T01:25:38 /bin/bash ../../libtool   --mode=install /usr/bin/install -c fido_id '/home/linux/rk3506/buildroot/output/rockchip_rk3506_recovery/target/usr/lib/udev'
2026-08-30T01:25:38 libtool: install: /usr/bin/install -c fido_id /home/linux/rk3506/buildroot/output/rockchip_rk3506_recovery/target/usr/lib/udev/fido_id
2026-08-30T01:25:38 make[5]: Nothing to be done for 'install-data-am'.
2026-08-30T01:25:38 Making install in scsi_id
2026-08-30T01:25:38 /usr/bin/mkdir -p '/home/linux/rk3506/buildroot/output/rockchip_rk3506_recovery/target/usr/lib/udev'
2026-08-30T01:25:38 /bin/bash ../../libtool   --mode=install /usr/bin/install -c scsi_id '/home/linux/rk3506/buildroot/output/rockchip_rk3506_recovery/target/usr/lib/udev'
2026-08-30T01:25:39 libtool: install: /usr/bin/install -c scsi_id /home/linux/rk3506/buildroot/output/rockchip_rk3506_recovery/target/usr/lib/udev/scsi_id
2026-08-30T01:25:39 make[5]: Nothing to be done for 'install-data-am'.
2026-08-30T01:25:39 Making install in v4l_id
2026-08-30T01:25:39 /usr/bin/mkdir -p '/home/linux/rk3506/buildroot/output/rockchip_rk3506_recovery/target/usr/lib/udev'
2026-08-30T01:25:39 /bin/bash ../../libtool   --mode=install /usr/bin/install -c v4l_id '/home/linux/rk3506/buildroot/output/rockchip_rk3506_recovery/target/usr/lib/udev'
2026-08-30T01:25:39 libtool: install: /usr/bin/install -c v4l_id /home/linux/rk3506/buildroot/output/rockchip_rk3506_recovery/target/usr/lib/udev/v4l_id
2026-08-30T01:25:39 make[5]: Nothing to be done for 'install-data-am'.
2026-08-30T01:25:39 Making install in mtd_probe
2026-08-30T01:25:39 /usr/bin/mkdir -p '/home/linux/rk3506/buildroot/output/rockchip_rk3506_recovery/target/usr/lib/udev'
2026-08-30T01:25:39 /bin/bash ../../libtool   --mode=install /usr/bin/install -c mtd_probe '/home/linux/rk3506/buildroot/output/rockchip_rk3506_recovery/target/usr/lib/udev'
2026-08-30T01:25:39 libtool: install: /usr/bin/install -c mtd_probe /home/linux/rk3506/buildroot/output/rockchip_rk3506_recovery/target/usr/lib/udev/mtd_probe
2026-08-30T01:25:39 make[5]: Nothing to be done for 'install-data-am'.
2026-08-30T01:25:39 make[5]: Nothing to be done for 'install-exec-am'.
2026-08-30T01:25:39 make[5]: Nothing to be done for 'install-data-am'.
2026-08-30T01:25:39 Making install in rules
2026-08-30T01:25:39 make[4]: Nothing to be done for 'install-exec-am'.
2026-08-30T01:25:39 /usr/bin/mkdir -p /home/linux/rk3506/buildroot/output/rockchip_rk3506_recovery/target/etc/udev/rules.d
2026-08-30T01:25:39 /usr/bin/mkdir -p '/home/linux/rk3506/buildroot/output/rockchip_rk3506_recovery/target/usr/lib/udev/rules.d'
2026-08-30T01:25:39 /usr/bin/install -c -m 644 50-udev-default.rules 60-autosuspend.rules 60-block.rules 60-cdrom_id.rules 60-drm.rules 60-evdev.rules 60-fido-id.rules 60-input-id.rules 60-persistent-alsa.rules 60-persistent-input.rules 60-persistent-storage-tape.rules 60-persistent-v4l.rules 60-sensor.rules 60-serial.rules 64-btrfs.rules 70-camera.rules 70-joystick.rules 70-memory.rules 70-mouse.rules 70-touchpad.rules 75-net-description.rules 78-sound-card.rules 81-net-dhcp.rules 80-net-name-slot.rules 60-persistent-storage.rules 80-drivers.rules 75-probe_mtd.rules '/home/linux/rk3506/buildroot/output/rockchip_rk3506_recovery/target/usr/lib/udev/rules.d'
2026-08-30T01:25:39 Making install in test
2026-08-30T01:25:39 make[4]: Nothing to be done for 'install-exec-am'.
2026-08-30T01:25:39 make[4]: Nothing to be done for 'install-data-am'.
2026-08-30T01:25:39 make[4]: Nothing to be done for 'install-exec-am'.
2026-08-30T01:25:39 make[4]: Nothing to be done for 'install-data-am'.
2026-08-30T01:25:39 /usr/bin/install -D -m 0755 package/eudev/S10udev /home/linux/rk3506/buildroot/output/rockchip_rk3506_recovery/target/etc/init.d/S10udev
2026-08-30T01:25:40 [7m>>> udev  Extracting[27m
2026-08-30T01:25:40 [7m>>> udev  Patching[27m
2026-08-30T01:25:40 [7m>>> udev  Configuring[27m
2026-08-30T01:25:40 [7m>>> udev  Building[27m
2026-08-30T01:25:40 [7m>>> udev  Installing to target[27m
2026-08-30T01:25:41 [7m>>> dosfstools 4.2 Downloading[27m
2026-08-30T01:25:41 wget --passive-ftp -nd -t 3 --no-check-certificate -O '/home/linux/rk3506/buildroot/output/rockchip_rk3506_recovery/build/.dosfstools-4.2.tar.gz.chZd9F/output' 'https://sources.buildroot.net/dosfstools/dosfstools-4.2.tar.gz'
2026-08-30T01:25:41 --2026-08-30 01:25:41--  https://sources.buildroot.net/dosfstools/dosfstools-4.2.tar.gz
2026-08-30T01:25:41 Resolving sources.buildroot.net (sources.buildroot.net)... failed: Temporary failure in name resolution.
2026-08-30T01:25:41 wget: unable to resolve host address 'sources.buildroot.net'
2026-08-30T01:25:41 wget --passive-ftp -nd -t 3 --no-check-certificate -O '/home/linux/rk3506/buildroot/output/rockchip_rk3506_recovery/build/.dosfstools-4.2.tar.gz.Uksobu/output' 'https://sources.buildroot.net/dosfstools-4.2.tar.gz'
2026-08-30T01:25:41 --2026-08-30 01:25:41--  https://sources.buildroot.net/dosfstools-4.2.tar.gz
2026-08-30T01:25:41 Resolving sources.buildroot.net (sources.buildroot.net)... failed: Temporary failure in name resolution.
2026-08-30T01:25:41 wget: unable to resolve host address 'sources.buildroot.net'
2026-08-30T01:25:41 wget --passive-ftp -nd -t 3 --no-check-certificate -O '/home/linux/rk3506/buildroot/output/rockchip_rk3506_recovery/build/.dosfstools-4.2.tar.gz.TSiql9/output' 'https://github.com/dosfstools/dosfstools/releases/download/v4.2/dosfstools-4.2.tar.gz'
2026-08-30T01:25:41 --2026-08-30 01:25:41--  https://github.com/dosfstools/dosfstools/releases/download/v4.2/dosfstools-4.2.tar.gz
2026-08-30T01:25:41 Resolving github.com (github.com)... failed: Temporary failure in name resolution.
2026-08-30T01:25:41 wget: unable to resolve host address 'github.com'
2026-08-30T01:25:41 make[1]: *** [package/pkg-generic.mk:196: /home/linux/rk3506/buildroot/output/rockchip_rk3506_recovery/build/dosfstools-4.2/.stamp_downloaded] Error 1
2026-08-30T01:25:41 make: *** [Makefile:112: _all] Error 2
2026-08-30T01:25:41 make: Leaving directory '/home/linux/rk3506/buildroot'
[91mPlease check details in /home/linux/rk3506/output/sessions/2026-08-30_01-24-08/br-rockchip_rk3506_recovery_2026-08-30_01-24-17.log[0m
[31mERROR: Running /home/linux/rk3506/device/rockchip/common/build-hooks/40-recovery.sh - build_hook failed![0m
[31mERROR: exit code 1 from line 29:[0m
[31m    "$RK_SCRIPTS_DIR/mk-buildroot.sh" $RK_RECOVERY_CFG "$IMAGE_DIR"[0m
[31mERROR: call stack:[0m
[31m    40-recovery.sh: build_hook(29)[0m
[31m    build-helper: try_func(63)[0m
[31m    build-helper: try_hook(96)[0m
[31m    build-helper: source(165)[0m
[31m    40-recovery.sh: main(49)[0m
[31mERROR: Running /home/linux/rk3506/device/rockchip/common/build-hooks/40-recovery.sh - try_func build_hook recovery failed![0m
[31mERROR: exit code 1 from line 67:[0m
[31m    build_hook[0m
[31mERROR: call stack:[0m
[31m    build-helper: try_func(67)[0m
[31m    build-helper: try_hook(96)[0m
[31m    build-helper: source(165)[0m
[31m    40-recovery.sh: main(49)[0m
