# 2026-08-30 02:02:51
# run func: build_hook recovery

[36m==========================================[0m
[36m          Start building recovery(buildroot)[0m
[36m==========================================[0m
[35m
Your network is not able to access sources.buildroot.net!
Please retry later (it could be down for a while) or setup a VPN to bypass the GFW.
[0m[35mWill continue in 5 seconds ...
5 ...
4 ...
3 ...
2 ...
1 ...
[0m
make: Entering directory '/home/linux/rk3506/buildroot'
  GEN     /home/linux/rk3506/buildroot/output/rockchip_rk3506_recovery/Makefile
Parsing defconfig: /home/linux/rk3506/buildroot/configs/rockchip_rk3506_recovery_defconfig
Using configs/rockchip/base/kernel.config as base
Merging configs/rockchip/fs/e2fs.config
Merging configs/rockchip/base/common.config
Merging configs/rockchip/base/base.config
Merging configs/rockchip/base/kernel.config
Merging configs/rockchip/fs/e2fs.config
Merging configs/rockchip/base/common.config
Merging configs/rockchip/fs/vfat.config
Merging configs/rockchip/base/recovery.config
Merging configs/rockchip/chips/rk3506.config
Value of BR2_ROOTFS_OVERLAY is redefined by configs/rockchip/chips/rk3506.config:
Previous value:	BR2_ROOTFS_OVERLAY="board/rockchip/common/base"
Modify value:	BR2_ROOTFS_OVERLAY+="board/rockchip/rk3506/fs-overlay/"
New value:	BR2_ROOTFS_OVERLAY="board/rockchip/common/base board/rockchip/rk3506/fs-overlay/"

Merging configs/rockchip/chips/rk3506_arm.config
Merging /home/linux/rk3506/buildroot/configs/rockchip_rk3506_recovery_defconfig
#
# merged configuration written to /home/linux/rk3506/buildroot/output/rockchip_rk3506_recovery/.config.in (needs make)
#
#
# configuration written to /home/linux/rk3506/buildroot/output/rockchip_rk3506_recovery/.config
#
make: Leaving directory '/home/linux/rk3506/buildroot'
464c464
< BR2_JLEVEL=1
---
> BR2_JLEVEL=0
[34mBuildroot config changed![0m
[34mYou might need to clean it before building:[0m
[34mrm -rf /home/linux/rk3506/buildroot/output/rockchip_rk3506_recovery
[0m
2026-08-30T02:03:11 [7m>>> usbmount 0.0.22 Downloading[27m
Done in 13s  (error code: 2)
[91mFailed to build rockchip_rk3506_recovery:[0m
# 2026-08-30 02:02:58
2026-08-30T02:02:58 make: Entering directory '/home/linux/rk3506/buildroot'
2026-08-30T02:03:10 /usr/bin/make -j1  O=/home/linux/rk3506/buildroot/output/rockchip_rk3506_recovery HOSTCC="/usr/bin/gcc" HOSTCXX="/usr/bin/g++" syncconfig
2026-08-30T02:03:10 GEN     /home/linux/rk3506/buildroot/output/rockchip_rk3506_recovery/Makefile
2026-08-30T02:03:11 [7m>>> usbmount 0.0.22 Downloading[27m
2026-08-30T02:03:11 wget --passive-ftp -nd -t 3 --no-check-certificate -O '/home/linux/rk3506/buildroot/output/rockchip_rk3506_recovery/build/.usbmount_0.0.22.tar.gz.16vq9Y/output' 'https://sources.buildroot.net/usbmount/usbmount_0.0.22.tar.gz'
2026-08-30T02:03:11 --2026-08-30 02:03:11--  https://sources.buildroot.net/usbmount/usbmount_0.0.22.tar.gz
2026-08-30T02:03:11 Resolving sources.buildroot.net (sources.buildroot.net)... failed: Temporary failure in name resolution.
2026-08-30T02:03:11 wget: unable to resolve host address 'sources.buildroot.net'
2026-08-30T02:03:11 wget --passive-ftp -nd -t 3 --no-check-certificate -O '/home/linux/rk3506/buildroot/output/rockchip_rk3506_recovery/build/.usbmount_0.0.22.tar.gz.4x9yAg/output' 'https://sources.buildroot.net/usbmount_0.0.22.tar.gz'
2026-08-30T02:03:11 --2026-08-30 02:03:11--  https://sources.buildroot.net/usbmount_0.0.22.tar.gz
2026-08-30T02:03:11 Resolving sources.buildroot.net (sources.buildroot.net)... failed: Temporary failure in name resolution.
2026-08-30T02:03:11 wget: unable to resolve host address 'sources.buildroot.net'
2026-08-30T02:03:11 wget --passive-ftp -nd -t 3 --no-check-certificate -O '/home/linux/rk3506/buildroot/output/rockchip_rk3506_recovery/build/.usbmount_0.0.22.tar.gz.1UcCFw/output' 'http://snapshot.debian.org/archive/debian/20141023T043132Z/pool/main/u/usbmount/usbmount_0.0.22.tar.gz'
2026-08-30T02:03:11 URL transformed to HTTPS due to an HSTS policy
2026-08-30T02:03:11 --2026-08-30 02:03:11--  https://snapshot.debian.org/archive/debian/20141023T043132Z/pool/main/u/usbmount/usbmount_0.0.22.tar.gz
2026-08-30T02:03:11 Resolving snapshot.debian.org (snapshot.debian.org)... failed: Temporary failure in name resolution.
2026-08-30T02:03:11 wget: unable to resolve host address 'snapshot.debian.org'
2026-08-30T02:03:11 make[1]: *** [package/pkg-generic.mk:196: /home/linux/rk3506/buildroot/output/rockchip_rk3506_recovery/build/usbmount-0.0.22/.stamp_downloaded] Error 1
2026-08-30T02:03:11 make: *** [Makefile:112: _all] Error 2
2026-08-30T02:03:11 make: Leaving directory '/home/linux/rk3506/buildroot'
[91mPlease check details in /home/linux/rk3506/output/sessions/2026-08-30_02-02-49/br-rockchip_rk3506_recovery_2026-08-30_02-02-58.log[0m
[31mERROR: Running /home/linux/rk3506/device/rockchip/common/build-hooks/40-recovery.sh - build_hook failed![0m
[31mERROR: exit code 1 from line 29:[0m
[31m    "$RK_SCRIPTS_DIR/mk-buildroot.sh" $RK_RECOVERY_CFG "$IMAGE_DIR"[0m
[31mERROR: call stack:[0m
[31m    40-recovery.sh: build_hook(29)[0m
[31m    build-helper: try_func(63)[0m
[31m    build-helper: try_hook(96)[0m
[31m    build-helper: source(165)[0m
[31m    40-recovery.sh: main(49)[0m
