# 2026-08-30 02:04:06
# run hook: build recovery

[36m==========================================[0m
[36m          Start building recovery(buildroot)[0m
[36m==========================================[0m
[35m
Your network is not able to access sources.buildroot.net!
Please retry later (it could be down for a while) or setup a VPN to bypass the GFW.
[0m[35mWill continue in 5 seconds ...
5 ...
4 ...
3 ...
2 ...
1 ...
[0m
make: Entering directory '/home/linux/rk3506/buildroot'
  GEN     /home/linux/rk3506/buildroot/output/rockchip_rk3506_recovery/Makefile
Parsing defconfig: /home/linux/rk3506/buildroot/configs/rockchip_rk3506_recovery_defconfig
Using configs/rockchip/base/kernel.config as base
Merging configs/rockchip/fs/e2fs.config
Merging configs/rockchip/base/common.config
Merging configs/rockchip/base/base.config
Merging configs/rockchip/base/kernel.config
Merging configs/rockchip/fs/e2fs.config
Merging configs/rockchip/base/common.config
Merging configs/rockchip/fs/vfat.config
Merging configs/rockchip/base/recovery.config
Merging configs/rockchip/chips/rk3506.config
Value of BR2_ROOTFS_OVERLAY is redefined by configs/rockchip/chips/rk3506.config:
Previous value:	BR2_ROOTFS_OVERLAY="board/rockchip/common/base"
Modify value:	BR2_ROOTFS_OVERLAY+="board/rockchip/rk3506/fs-overlay/"
New value:	BR2_ROOTFS_OVERLAY="board/rockchip/common/base board/rockchip/rk3506/fs-overlay/"

Merging configs/rockchip/chips/rk3506_arm.config
Merging /home/linux/rk3506/buildroot/configs/rockchip_rk3506_recovery_defconfig
#
# merged configuration written to /home/linux/rk3506/buildroot/output/rockchip_rk3506_recovery/.config.in (needs make)
#
#
# configuration written to /home/linux/rk3506/buildroot/output/rockchip_rk3506_recovery/.config
#
make: Leaving directory '/home/linux/rk3506/buildroot'
464c464
< BR2_JLEVEL=1
---
> BR2_JLEVEL=0
[34mBuildroot config changed![0m
[34mYou might need to clean it before building:[0m
[34mrm -rf /home/linux/rk3506/buildroot/output/rockchip_rk3506_recovery
[0m
2026-08-30T02:04:26 [7m>>> usbmount 0.0.22 Extracting[27m
2026-08-30T02:04:27 [7m>>> usbmount 0.0.22 Patching[27m
2026-08-30T02:04:27 [7m>>> usbmount 0.0.22 Configuring[27m
2026-08-30T02:04:27 [7m>>> usbmount 0.0.22 Building[27m
2026-08-30T02:04:27 [7m>>> usbmount 0.0.22 Installing to target[27m
2026-08-30T02:04:28 [7m>>> host-lz4 1.9.4 Extracting[27m
2026-08-30T02:04:28 [7m>>> host-lz4 1.9.4 Patching[27m
2026-08-30T02:04:28 [7m>>> host-lz4 1.9.4 Configuring[27m
2026-08-30T02:04:28 [7m>>> host-lz4 1.9.4 Building[27m
2026-08-30T02:04:44 [7m>>> host-lz4 1.9.4 Installing to host directory[27m
2026-08-30T02:04:48 [7m>>> host-lzo 2.10 Extracting[27m
2026-08-30T02:04:49 [7m>>> host-lzo 2.10 Patching[27m
2026-08-30T02:04:49 [7m>>> host-lzo 2.10 Configuring[27m
2026-08-30T02:05:08 [7m>>> host-lzo 2.10 Building[27m
2026-08-30T02:05:24 [7m>>> host-lzo 2.10 Installing to host directory[27m
2026-08-30T02:05:28 [7m>>> host-zstd 1.5.5 Extracting[27m
2026-08-30T02:05:28 [7m>>> host-zstd 1.5.5 Patching[27m
2026-08-30T02:05:29 [7m>>> host-zstd 1.5.5 Configuring[27m
2026-08-30T02:05:29 [7m>>> host-zstd 1.5.5 Building[27m
2026-08-30T02:07:08 [7m>>> host-zstd 1.5.5 Installing to host directory[27m
2026-08-30T02:07:13 [7m>>> host-squashfs 4.6.1 Extracting[27m
2026-08-30T02:07:13 [7m>>> host-squashfs 4.6.1 Patching[27m
2026-08-30T02:07:13 [7m>>> host-squashfs 4.6.1 Configuring[27m
2026-08-30T02:07:14 [7m>>> host-squashfs 4.6.1 Building[27m
2026-08-30T02:07:26 [7m>>> host-squashfs 4.6.1 Installing to host directory[27m
2026-08-30T02:07:30 [7m>>>   Finalizing host directory[27m
2026-08-30T02:07:30 [7m>>>   Finalizing target directory[27m
2026-08-30T02:07:31 [7m>>>   Sanitizing RPATH in target tree[27m
2026-08-30T02:07:36 [7m>>>   Sanity check in overlay board/rockchip/common/base[27m
2026-08-30T02:07:36 [7m>>>   Sanity check in overlay board/rockchip/rk3506/fs-overlay/[27m
2026-08-30T02:07:36 [7m>>>   Copying overlay board/rockchip/common/base[27m
2026-08-30T02:07:37 [7m>>>   Copying overlay board/rockchip/rk3506/fs-overlay/[27m
2026-08-30T02:07:37 [7m>>>   Executing post-build script board/rockchip/common/post-build.sh[27m
2026-08-30T02:07:37 >>> Ignored board/rockchip/common/overlays/10-weston
2026-08-30T02:07:37 >>> Ignored board/rockchip/common/overlays/11-weston-chromium
2026-08-30T02:07:37 >>> Ignored board/rockchip/common/overlays/20-wlan0
2026-08-30T02:07:37 >>> Copying board/rockchip/common/overlays/default
2026-08-30T02:07:39 >>> [35mRunning 01-hostname.sh for /home/linux/rk3506/buildroot/output/rockchip_rk3506_recovery/target (recovery init=busybox)...[0m
2026-08-30T02:07:39 >>> [35mRunning 05-udev.sh for /home/linux/rk3506/buildroot/output/rockchip_rk3506_recovery/target (recovery init=busybox)...[0m
2026-08-30T02:07:39 >>> [35mRunning 10-os-release.sh for /home/linux/rk3506/buildroot/output/rockchip_rk3506_recovery/target (recovery init=busybox)...[0m
2026-08-30T02:07:39 >>> [35mRunning 30-fstab.sh for /home/linux/rk3506/buildroot/output/rockchip_rk3506_recovery/target (recovery init=busybox)...[0m
2026-08-30T02:07:40 >>> [35mRunning 40-busybox-reboot.sh for /home/linux/rk3506/buildroot/output/rockchip_rk3506_recovery/target (recovery init=busybox)...[0m
2026-08-30T02:07:40 >>> [35mRunning 50-locale.sh for /home/linux/rk3506/buildroot/output/rockchip_rk3506_recovery/target (recovery init=busybox)...[0m
2026-08-30T02:07:40 >>> [35mRunning 60-mount-dirs.sh for /home/linux/rk3506/buildroot/output/rockchip_rk3506_recovery/target (recovery init=busybox)...[0m
2026-08-30T02:07:40 >>> [35mRunning 90-overlay.sh for /home/linux/rk3506/buildroot/output/rockchip_rk3506_recovery/target (recovery init=busybox)...[0m
2026-08-30T02:07:40 >>> [35mInstalling overlay: /home/linux/rk3506/device/rockchip/common/overlays/recovery to /home/linux/rk3506/buildroot/output/rockchip_rk3506_recovery/target...[0m
2026-08-30T02:07:40 >>> [35mRunning 91-modules.sh for /home/linux/rk3506/buildroot/output/rockchip_rk3506_recovery/target (recovery init=busybox)...[0m
2026-08-30T02:07:40 >>> [36mInstalling kernel modules...[0m
2026-08-30T02:07:40 >>> [36m          Start building modules[0m
2026-08-30T02:08:00 >>> [35mRunning mk-kernel.sh - build_modules succeeded.[0m
2026-08-30T02:08:00 >>> [35mRunning 97-ldcache.sh for /home/linux/rk3506/buildroot/output/rockchip_rk3506_recovery/target (recovery init=busybox)...[0m
2026-08-30T02:08:00 >>> [35mRunning 99-owner.sh for /home/linux/rk3506/buildroot/output/rockchip_rk3506_recovery/target (recovery init=busybox)...[0m
2026-08-30T02:08:00 >>> [35mRunning build.sh - post-rootfs succeeded.[0m
2026-08-30T02:08:01 [7m>>>   Generating root filesystems common tables[27m
2026-08-30T02:08:01 [7m>>>   Generating filesystem image rootfs.cpio[27m
2026-08-30T02:08:08 [7m>>>   Generating filesystem image rootfs.ext2[27m
2026-08-30T02:08:11 [7m>>>   Generating filesystem image rootfs.squashfs[27m
2026-08-30T02:08:16 [7m>>>   Generating filesystem image rootfs.tar[27m
Done in 4min 04s
[35mLog saved on /home/linux/rk3506/output/sessions/2026-08-30_02-04-04/br-rockchip_rk3506_recovery_2026-08-30_02-04-14.log[0m
[35mGenerated images:[0m
/home/linux/rk3506/output/recovery/images/rootfs.cpio
/home/linux/rk3506/output/recovery/images/rootfs.cpio.gz
/home/linux/rk3506/output/recovery/images/rootfs.ext2
/home/linux/rk3506/output/recovery/images/rootfs.ext4
/home/linux/rk3506/output/recovery/images/rootfs.squashfs
/home/linux/rk3506/output/recovery/images/rootfs.tar
[35mUsing kernel version(6.1) from environment[0m
[36mToolchain for kernel:[0m
[36m/home/linux/rk3506/prebuilts/gcc/linux-x86/arm/gcc-arm-10.3-2021.07-x86_64-arm-none-linux-gnueabihf/bin/arm-none-linux-gnueabihf-[0m

[36m==========================================[0m
[36m          Start building recovery-kernel[0m
[36m==========================================[0m
[35m+ rm -rf /home/linux/rk3506/output/recovery-kernel[0m
[35m+ ln -rsf /home/linux/rk3506/kernel /home/linux/rk3506/output/recovery-kernel[0m
[35m+ cd /home/linux/rk3506/output/recovery-kernel[0m
[35m+ make -C /home/linux/rk3506/kernel/ -j17 CROSS_COMPILE=/home/linux/rk3506/prebuilts/gcc/linux-x86/arm/gcc-arm-10.3-2021.07-x86_64-arm-none-linux-gnueabihf/bin/arm-none-linux-gnueabihf- ARCH=arm rk3506_defconfig rk3506-display.config[0m
make: Entering directory '/home/linux/rk3506/kernel-6.1'
arch/arm/configs/rk3506_defconfig:349:warning: override: reassigning to symbol VT
arch/arm/configs/rk3506_defconfig:382:warning: override: reassigning to symbol FTRACE
arch/arm/configs/rk3506_defconfig:389:warning: override: reassigning to symbol SCHED_DEBUG
arch/arm/configs/rk3506_defconfig:391:warning: override: reassigning to symbol SWAP
arch/arm/configs/rk3506_defconfig:397:warning: override: reassigning to symbol HARDEN_BRANCH_PREDICTOR
arch/arm/configs/rk3506_defconfig:398:warning: override: reassigning to symbol HARDEN_BRANCH_HISTORY
arch/arm/configs/rk3506_defconfig:401:warning: override: reassigning to symbol LD_DEAD_CODE_DATA_ELIMINATION
arch/arm/configs/rk3506_defconfig:402:warning: override: reassigning to symbol CPU_FREQ_DEFAULT_GOV_PERFORMANCE
arch/arm/configs/rk3506_defconfig:402:warning: override: CPU_FREQ_DEFAULT_GOV_PERFORMANCE changes choice state
arch/arm/configs/rk3506_defconfig:404:warning: override: HZ_1000 changes choice state
arch/arm/configs/rk3506_defconfig:405:warning: override: PREEMPT_RT changes choice state
arch/arm/configs/rk3506_defconfig:406:warning: override: reassigning to symbol VDSO
#
# configuration written to .config
#
Using .config as base
Merging ./arch/arm/configs/rk3506-display.config
Value of CONFIG_BACKLIGHT_CLASS_DEVICE is redefined by fragment ./arch/arm/configs/rk3506-display.config:
Previous value: # CONFIG_BACKLIGHT_CLASS_DEVICE is not set
New value: CONFIG_BACKLIGHT_CLASS_DEVICE=y

Value of CONFIG_DRM is redefined by fragment ./arch/arm/configs/rk3506-display.config:
Previous value: # CONFIG_DRM is not set
New value: CONFIG_DRM=y

Value of CONFIG_I2C_MUX is redefined by fragment ./arch/arm/configs/rk3506-display.config:
Previous value: # CONFIG_I2C_MUX is not set
New value: CONFIG_I2C_MUX=y

Value of CONFIG_INPUT_TOUCHSCREEN is redefined by fragment ./arch/arm/configs/rk3506-display.config:
Previous value: # CONFIG_INPUT_TOUCHSCREEN is not set
New value: CONFIG_INPUT_TOUCHSCREEN=y

#
# merged configuration written to .config (needs make)
#
#
# configuration written to .config
#
make: Leaving directory '/home/linux/rk3506/kernel-6.1'
[35m+ make -C /home/linux/rk3506/kernel/ -j17 CROSS_COMPILE=/home/linux/rk3506/prebuilts/gcc/linux-x86/arm/gcc-arm-10.3-2021.07-x86_64-arm-none-linux-gnueabihf/bin/arm-none-linux-gnueabihf- ARCH=arm zImage[0m
make: Entering directory '/home/linux/rk3506/kernel-6.1'
  SYNC    include/config/auto.conf.cmd
  CALL    scripts/checksyscalls.sh
  MODPOST vmlinux.symvers
  Kernel: arch/arm/boot/Image is ready
  CC      arch/arm/boot/compressed/misc.o
  CC      arch/arm/boot/compressed/decompress.o
  CC      arch/arm/boot/compressed/string.o
  CC      arch/arm/boot/compressed/fdt_rw.o
  CC      arch/arm/boot/compressed/fdt_ro.o
  CC      arch/arm/boot/compressed/fdt_wip.o
  CC      arch/arm/boot/compressed/fdt.o
  CC      arch/arm/boot/compressed/fdt_check_mem_start.o
  LD      arch/arm/boot/compressed/vmlinux
  OBJCOPY arch/arm/boot/zImage
  Kernel: arch/arm/boot/zImage is ready
make: Leaving directory '/home/linux/rk3506/kernel-6.1'
[35m+ make -C /home/linux/rk3506/kernel/ -j17 CROSS_COMPILE=/home/linux/rk3506/prebuilts/gcc/linux-x86/arm/gcc-arm-10.3-2021.07-x86_64-arm-none-linux-gnueabihf/bin/arm-none-linux-gnueabihf- ARCH=arm ido-evb3506-v1a-flash-mipi-720x720.dtb[0m
make: Entering directory '/home/linux/rk3506/kernel-6.1'
make: Leaving directory '/home/linux/rk3506/kernel-6.1'
[35m+ ln -rsf arch/arm/boot/zImage /home/linux/rk3506/output/recovery-kernel.img[0m
[35m+ ln -rsf arch/arm/boot/dts/ido-evb3506-v1a-flash-mipi-720x720.dtb /home/linux/rk3506/output/recovery-kernel.dtb[0m
[35m+ scripts/resource_tool arch/arm/boot/dts/ido-evb3506-v1a-flash-mipi-720x720.dtb logo.bmp logo_kernel.bmp[0m
Pack to resource.img successed!
[35m+ ln -rsf resource.img /home/linux/rk3506/output/recovery-resource.img[0m
[35mRunning mk-kernel.sh - build_recovery-kernel succeeded.[0m
Packing /home/linux/rk3506/output/recovery/ramboot.img...
FIT description: U-Boot FIT source file for arm
Created:         Sun Aug 30 02:08:39 2026
 Image 0 (fdt)
  Description:  unavailable
  Created:      Sun Aug 30 02:08:39 2026
  Type:         Flat Device Tree
  Compression:  uncompressed
  Data Size:    40938 Bytes = 39.98 KiB = 0.04 MiB
  Architecture: ARM
  Load Address: 0x00063000
  Hash algo:    sha256
  Hash value:   a3e7cfffd21916fc7d445a6d994b257cdf53f3da667a16c5cbebb3d5199ad5a7
 Image 1 (kernel)
  Description:  unavailable
  Created:      Sun Aug 30 02:08:39 2026
  Type:         Kernel Image
  Compression:  uncompressed
  Data Size:    3984784 Bytes = 3891.39 KiB = 3.80 MiB
  Architecture: ARM
  OS:           Linux
  Load Address: 0x01100000
  Entry Point:  0x01100000
  Hash algo:    sha256
  Hash value:   daf5b782f2282f4ad01f2330524b6f0e1b1b2ef98e9023ca651abe777c4167c3
 Image 2 (ramdisk)
  Description:  unavailable
  Created:      Sun Aug 30 02:08:39 2026
  Type:         RAMDisk Image
  Compression:  uncompressed
  Data Size:    9837461 Bytes = 9606.90 KiB = 9.38 MiB
  Architecture: ARM
  OS:           Linux
  Load Address: 0x01800000
  Entry Point:  unavailable
  Hash algo:    sha256
  Hash value:   c1e114bbd16126a9bea61b28203b1c35a0c3d8778430b0a03999ddd1151b6d7b
 Image 3 (resource)
  Description:  unavailable
  Created:      Sun Aug 30 02:08:39 2026
  Type:         Multi-File Image
  Compression:  uncompressed
  Data Size:    78848 Bytes = 77.00 KiB = 0.08 MiB
  Hash algo:    sha256
  Hash value:   6a4e773feb0aaf0b4b06c209fafe47d70f3ff4a859401fd9d35835308a345d24
 Default Configuration: 'conf'
 Configuration 0 (conf)
  Description:  Boot Linux kernel with FDT blob and ramdisk
  Kernel:       kernel
  Init Ramdisk: ramdisk
  FDT:          fdt
[35mRunning 40-recovery.sh - build_recovery succeeded.[0m
