# 2026-08-30 01:46:37
2026-08-30T01:46:37 make: Entering directory '/home/linux/rk3506/buildroot'
2026-08-30T01:46:47 /usr/bin/make -j1  O=/home/linux/rk3506/buildroot/output/rockchip_rk3506_recovery HOSTCC="/usr/bin/gcc" HOSTCXX="/usr/bin/g++" syncconfig
2026-08-30T01:46:48 GEN     /home/linux/rk3506/buildroot/output/rockchip_rk3506_recovery/Makefile
2026-08-30T01:46:49 [7m>>> libcurl 8.6.0 Building[27m
2026-08-30T01:46:49 GIT_DIR=. PATH="/home/linux/rk3506/buildroot/output/rockchip_rk3506_recovery/host/bin:/home/linux/rk3506/buildroot/output/rockchip_rk3506_recovery/host/sbin:/usr/local/sbin:/usr/local/bin:/usr/sbin:/usr/bin:/sbin:/bin:/usr/games:/usr/local/games:/snap/bin:/snap/bin" FORCE_UNSAFE_CONFIGURE=1  /usr/bin/make -j1  -C /home/linux/rk3506/buildroot/output/rockchip_rk3506_recovery/build/libcurl-8.6.0/
2026-08-30T01:46:49 Making all in lib
2026-08-30T01:46:49 /usr/bin/make  all-am
2026-08-30T01:46:49 CC       libcurl_la-curl_get_line.lo
2026-08-30T01:46:49 CC       libcurl_la-curl_gethostname.lo
2026-08-30T01:46:49 CC       libcurl_la-curl_gssapi.lo
2026-08-30T01:46:49 CC       libcurl_la-curl_memrchr.lo
2026-08-30T01:46:49 CC       libcurl_la-curl_multibyte.lo
2026-08-30T01:46:50 CC       libcurl_la-curl_ntlm_core.lo
2026-08-30T01:46:50 CC       libcurl_la-curl_ntlm_wb.lo
2026-08-30T01:46:50 CC       libcurl_la-curl_path.lo
2026-08-30T01:46:50 CC       libcurl_la-curl_range.lo
2026-08-30T01:46:50 CC       libcurl_la-curl_rtmp.lo
2026-08-30T01:46:50 CC       libcurl_la-curl_sasl.lo
2026-08-30T01:46:51 CC       libcurl_la-curl_sspi.lo
2026-08-30T01:46:51 CC       libcurl_la-curl_threads.lo
2026-08-30T01:46:51 CC       libcurl_la-curl_trc.lo
2026-08-30T01:46:51 CC       libcurl_la-dict.lo
2026-08-30T01:46:52 CC       libcurl_la-doh.lo
2026-08-30T01:46:52 CC       libcurl_la-dynbuf.lo
2026-08-30T01:46:52 CC       libcurl_la-dynhds.lo
2026-08-30T01:46:53 CC       libcurl_la-easy.lo
2026-08-30T01:46:53 CC       libcurl_la-easygetopt.lo
2026-08-30T01:46:53 CC       libcurl_la-easyoptions.lo
2026-08-30T01:46:54 CC       libcurl_la-escape.lo
2026-08-30T01:46:54 CC       libcurl_la-file.lo
2026-08-30T01:46:54 CC       libcurl_la-fileinfo.lo
2026-08-30T01:46:54 CC       libcurl_la-fopen.lo
2026-08-30T01:46:55 CC       libcurl_la-formdata.lo
2026-08-30T01:46:55 CC       libcurl_la-ftp.lo
2026-08-30T01:46:56 CC       libcurl_la-ftplistparser.lo
2026-08-30T01:46:57 CC       libcurl_la-getenv.lo
2026-08-30T01:46:57 CC       libcurl_la-getinfo.lo
2026-08-30T01:46:57 CC       libcurl_la-gopher.lo
2026-08-30T01:46:57 CC       libcurl_la-hash.lo
2026-08-30T01:46:58 CC       libcurl_la-headers.lo
2026-08-30T01:46:58 CC       libcurl_la-hmac.lo
2026-08-30T01:46:58 CC       libcurl_la-hostasyn.lo
2026-08-30T01:46:58 CC       libcurl_la-hostip.lo
2026-08-30T01:46:59 CC       libcurl_la-hostip4.lo
2026-08-30T01:46:59 CC       libcurl_la-hostip6.lo
2026-08-30T01:46:59 CC       libcurl_la-hostsyn.lo
2026-08-30T01:46:59 CC       libcurl_la-hsts.lo
2026-08-30T01:47:00 CC       libcurl_la-http.lo
2026-08-30T01:47:01 CC       libcurl_la-http1.lo
2026-08-30T01:47:01 CC       libcurl_la-http2.lo
2026-08-30T01:47:02 CC       libcurl_la-http_aws_sigv4.lo
2026-08-30T01:47:02 CC       libcurl_la-http_chunks.lo
2026-08-30T01:47:02 CC       libcurl_la-http_digest.lo
2026-08-30T01:47:03 CC       libcurl_la-http_negotiate.lo
2026-08-30T01:47:03 CC       libcurl_la-http_ntlm.lo
2026-08-30T01:47:03 CC       libcurl_la-http_proxy.lo
2026-08-30T01:47:03 CC       libcurl_la-idn.lo
2026-08-30T01:47:04 CC       libcurl_la-if2ip.lo
2026-08-30T01:47:04 CC       libcurl_la-imap.lo
2026-08-30T01:47:04 CC       libcurl_la-inet_ntop.lo
2026-08-30T01:47:05 CC       libcurl_la-inet_pton.lo
2026-08-30T01:47:05 CC       libcurl_la-krb5.lo
2026-08-30T01:47:05 CC       libcurl_la-ldap.lo
2026-08-30T01:47:05 CC       libcurl_la-llist.lo
2026-08-30T01:47:05 CC       libcurl_la-macos.lo
2026-08-30T01:47:06 CC       libcurl_la-md4.lo
2026-08-30T01:47:06 CC       libcurl_la-md5.lo
2026-08-30T01:47:06 CC       libcurl_la-memdebug.lo
2026-08-30T01:47:06 CC       libcurl_la-mime.lo
2026-08-30T01:47:07 CC       libcurl_la-mprintf.lo
2026-08-30T01:47:07 CC       libcurl_la-mqtt.lo
2026-08-30T01:47:08 CC       libcurl_la-multi.lo
2026-08-30T01:47:09 CC       libcurl_la-netrc.lo
2026-08-30T01:47:09 CC       libcurl_la-nonblock.lo
2026-08-30T01:47:10 CC       libcurl_la-noproxy.lo
2026-08-30T01:47:10 CC       libcurl_la-openldap.lo
2026-08-30T01:47:10 CC       libcurl_la-parsedate.lo
2026-08-30T01:47:10 CC       libcurl_la-pingpong.lo
2026-08-30T01:47:11 CC       libcurl_la-pop3.lo
2026-08-30T01:47:11 CC       libcurl_la-progress.lo
2026-08-30T01:47:12 CC       libcurl_la-psl.lo
2026-08-30T01:47:12 CC       libcurl_la-rand.lo
2026-08-30T01:47:12 CC       libcurl_la-rename.lo
2026-08-30T01:47:12 CC       libcurl_la-rtsp.lo
2026-08-30T01:47:13 CC       libcurl_la-select.lo
2026-08-30T01:47:13 CC       libcurl_la-sendf.lo
2026-08-30T01:47:13 CC       libcurl_la-setopt.lo
2026-08-30T01:47:14 CC       libcurl_la-sha256.lo
2026-08-30T01:47:14 CC       libcurl_la-share.lo
2026-08-30T01:47:15 CC       libcurl_la-slist.lo
2026-08-30T01:47:15 CC       libcurl_la-smb.lo
2026-08-30T01:47:15 CC       libcurl_la-smtp.lo
2026-08-30T01:47:16 CC       libcurl_la-socketpair.lo
2026-08-30T01:47:16 CC       libcurl_la-socks.lo
2026-08-30T01:47:16 CC       libcurl_la-socks_gssapi.lo
2026-08-30T01:47:16 CC       libcurl_la-socks_sspi.lo
2026-08-30T01:47:17 CC       libcurl_la-speedcheck.lo
2026-08-30T01:47:17 CC       libcurl_la-splay.lo
2026-08-30T01:47:17 CC       libcurl_la-strcase.lo
2026-08-30T01:47:17 CC       libcurl_la-strdup.lo
2026-08-30T01:47:17 CC       libcurl_la-strerror.lo
2026-08-30T01:47:18 CC       libcurl_la-strtok.lo
2026-08-30T01:47:18 CC       libcurl_la-strtoofft.lo
2026-08-30T01:47:18 CC       libcurl_la-system_win32.lo
2026-08-30T01:47:18 CC       libcurl_la-telnet.lo
2026-08-30T01:47:19 CC       libcurl_la-tftp.lo
2026-08-30T01:47:19 CC       libcurl_la-timediff.lo
2026-08-30T01:47:19 CC       libcurl_la-timeval.lo
2026-08-30T01:47:20 CC       libcurl_la-transfer.lo
2026-08-30T01:47:20 CC       libcurl_la-url.lo
2026-08-30T01:47:21 CC       libcurl_la-urlapi.lo
2026-08-30T01:47:22 CC       libcurl_la-version.lo
2026-08-30T01:47:22 CC       libcurl_la-version_win32.lo
2026-08-30T01:47:23 CC       libcurl_la-warnless.lo
2026-08-30T01:47:23 CC       libcurl_la-ws.lo
2026-08-30T01:47:23 CC       vauth/libcurl_la-cleartext.lo
2026-08-30T01:47:23 CC       vauth/libcurl_la-cram.lo
2026-08-30T01:47:23 CC       vauth/libcurl_la-digest.lo
2026-08-30T01:47:24 CC       vauth/libcurl_la-digest_sspi.lo
2026-08-30T01:47:24 CC       vauth/libcurl_la-gsasl.lo
2026-08-30T01:47:24 CC       vauth/libcurl_la-krb5_gssapi.lo
2026-08-30T01:47:24 CC       vauth/libcurl_la-krb5_sspi.lo
2026-08-30T01:47:25 CC       vauth/libcurl_la-ntlm.lo
2026-08-30T01:47:25 CC       vauth/libcurl_la-ntlm_sspi.lo
2026-08-30T01:47:25 CC       vauth/libcurl_la-oauth2.lo
2026-08-30T01:47:25 CC       vauth/libcurl_la-spnego_gssapi.lo
2026-08-30T01:47:25 CC       vauth/libcurl_la-spnego_sspi.lo
2026-08-30T01:47:26 CC       vauth/libcurl_la-vauth.lo
2026-08-30T01:47:26 CC       vtls/libcurl_la-bearssl.lo
2026-08-30T01:47:26 CC       vtls/libcurl_la-gtls.lo
2026-08-30T01:47:26 CC       vtls/libcurl_la-hostcheck.lo
2026-08-30T01:47:26 CC       vtls/libcurl_la-keylog.lo
2026-08-30T01:47:27 CC       vtls/libcurl_la-mbedtls.lo
2026-08-30T01:47:27 CC       vtls/libcurl_la-mbedtls_threadlock.lo
2026-08-30T01:47:27 CC       vtls/libcurl_la-openssl.lo
2026-08-30T01:47:28 CC       vtls/libcurl_la-rustls.lo
2026-08-30T01:47:28 CC       vtls/libcurl_la-schannel.lo
2026-08-30T01:47:28 CC       vtls/libcurl_la-schannel_verify.lo
2026-08-30T01:47:29 CC       vtls/libcurl_la-sectransp.lo
2026-08-30T01:47:29 CC       vtls/libcurl_la-vtls.lo
2026-08-30T01:47:30 CC       vtls/libcurl_la-wolfssl.lo
2026-08-30T01:47:30 CC       vtls/libcurl_la-x509asn1.lo
2026-08-30T01:47:30 CC       vquic/libcurl_la-curl_msh3.lo
2026-08-30T01:47:30 CC       vquic/libcurl_la-curl_ngtcp2.lo
2026-08-30T01:47:30 CC       vquic/libcurl_la-curl_osslq.lo
2026-08-30T01:47:31 CC       vquic/libcurl_la-curl_quiche.lo
2026-08-30T01:47:31 CC       vquic/libcurl_la-vquic.lo
2026-08-30T01:47:31 CC       vquic/libcurl_la-vquic-tls.lo
2026-08-30T01:47:31 CC       vssh/libcurl_la-libssh.lo
2026-08-30T01:47:31 CC       vssh/libcurl_la-libssh2.lo
2026-08-30T01:47:32 CC       vssh/libcurl_la-wolfssh.lo
2026-08-30T01:47:32 CCLD     libcurl.la
2026-08-30T01:47:32 Making all in src
2026-08-30T01:47:33 Making all in ../docs
2026-08-30T01:47:33 Making all in .
2026-08-30T01:47:33 if test "..x" != "..x" -a -e "./curl.1"; then \
2026-08-30T01:47:33 /usr/bin/install -c -m 644 "./curl.1" /home/linux/rk3506/buildroot/output/rockchip_rk3506_recovery/build/libcurl-8.6.0/docs/curl.1 \
2026-08-30T01:47:33 && touch -r "./curl.1" /home/linux/rk3506/buildroot/output/rockchip_rk3506_recovery/build/libcurl-8.6.0/docs/curl.1; fi
2026-08-30T01:47:33 cd cmdline-opts && /usr/bin/make
2026-08-30T01:47:33 GENERATE ../../docs/curl.1
2026-08-30T01:47:34 RENDER  mk-ca-bundle.1
2026-08-30T01:47:34 Making all in cmdline-opts
2026-08-30T01:47:34 make[5]: Nothing to be done for 'all'.
2026-08-30T01:47:34 Making all in libcurl
2026-08-30T01:47:34 Making all in opts
2026-08-30T01:47:34 RENDER  CURLINFO_ACTIVESOCKET.3
2026-08-30T01:47:34 RENDER  CURLINFO_APPCONNECT_TIME.3
2026-08-30T01:47:34 RENDER  CURLINFO_APPCONNECT_TIME_T.3
2026-08-30T01:47:34 RENDER  CURLINFO_CAINFO.3
2026-08-30T01:47:34 RENDER  CURLINFO_CAPATH.3
2026-08-30T01:47:34 RENDER  CURLINFO_CERTINFO.3
2026-08-30T01:47:34 RENDER  CURLINFO_CONDITION_UNMET.3
2026-08-30T01:47:34 RENDER  CURLINFO_CONNECT_TIME.3
2026-08-30T01:47:34 RENDER  CURLINFO_CONNECT_TIME_T.3
2026-08-30T01:47:34 RENDER  CURLINFO_CONN_ID.3
2026-08-30T01:47:34 RENDER  CURLINFO_CONTENT_LENGTH_DOWNLOAD.3
2026-08-30T01:47:34 RENDER  CURLINFO_CONTENT_LENGTH_DOWNLOAD_T.3
2026-08-30T01:47:34 RENDER  CURLINFO_CONTENT_LENGTH_UPLOAD.3
2026-08-30T01:47:34 RENDER  CURLINFO_CONTENT_LENGTH_UPLOAD_T.3
2026-08-30T01:47:34 RENDER  CURLINFO_CONTENT_TYPE.3
2026-08-30T01:47:34 RENDER  CURLINFO_COOKIELIST.3
2026-08-30T01:47:34 RENDER  CURLINFO_EFFECTIVE_METHOD.3
2026-08-30T01:47:34 RENDER  CURLINFO_EFFECTIVE_URL.3
2026-08-30T01:47:34 RENDER  CURLINFO_FILETIME.3
2026-08-30T01:47:34 RENDER  CURLINFO_FILETIME_T.3
2026-08-30T01:47:34 RENDER  CURLINFO_FTP_ENTRY_PATH.3
2026-08-30T01:47:34 RENDER  CURLINFO_HEADER_SIZE.3
2026-08-30T01:47:34 RENDER  CURLINFO_HTTP_CONNECTCODE.3
2026-08-30T01:47:34 RENDER  CURLINFO_HTTP_VERSION.3
2026-08-30T01:47:34 RENDER  CURLINFO_HTTPAUTH_AVAIL.3
2026-08-30T01:47:34 RENDER  CURLINFO_LASTSOCKET.3
2026-08-30T01:47:34 RENDER  CURLINFO_LOCAL_IP.3
2026-08-30T01:47:34 RENDER  CURLINFO_LOCAL_PORT.3
2026-08-30T01:47:34 RENDER  CURLINFO_NAMELOOKUP_TIME.3
2026-08-30T01:47:34 RENDER  CURLINFO_NAMELOOKUP_TIME_T.3
2026-08-30T01:47:35 RENDER  CURLINFO_NUM_CONNECTS.3
2026-08-30T01:47:35 RENDER  CURLINFO_OS_ERRNO.3
2026-08-30T01:47:35 RENDER  CURLINFO_PRETRANSFER_TIME.3
2026-08-30T01:47:35 RENDER  CURLINFO_PRETRANSFER_TIME_T.3
2026-08-30T01:47:35 RENDER  CURLINFO_PRIMARY_IP.3
2026-08-30T01:47:35 RENDER  CURLINFO_PRIMARY_PORT.3
2026-08-30T01:47:35 RENDER  CURLINFO_PRIVATE.3
2026-08-30T01:47:35 RENDER  CURLINFO_PROTOCOL.3
2026-08-30T01:47:35 RENDER  CURLINFO_PROXY_ERROR.3
2026-08-30T01:47:35 RENDER  CURLINFO_PROXY_SSL_VERIFYRESULT.3
2026-08-30T01:47:35 RENDER  CURLINFO_PROXYAUTH_AVAIL.3
2026-08-30T01:47:35 RENDER  CURLINFO_QUEUE_TIME_T.3
2026-08-30T01:47:35 RENDER  CURLINFO_REDIRECT_COUNT.3
2026-08-30T01:47:35 RENDER  CURLINFO_REDIRECT_TIME.3
2026-08-30T01:47:35 RENDER  CURLINFO_REDIRECT_TIME_T.3
2026-08-30T01:47:35 RENDER  CURLINFO_REDIRECT_URL.3
2026-08-30T01:47:35 RENDER  CURLINFO_REFERER.3
2026-08-30T01:47:35 RENDER  CURLINFO_REQUEST_SIZE.3
2026-08-30T01:47:35 RENDER  CURLINFO_RESPONSE_CODE.3
2026-08-30T01:47:35 RENDER  CURLINFO_RETRY_AFTER.3
2026-08-30T01:47:35 RENDER  CURLINFO_RTSP_CLIENT_CSEQ.3
2026-08-30T01:47:35 RENDER  CURLINFO_RTSP_CSEQ_RECV.3
2026-08-30T01:47:35 RENDER  CURLINFO_RTSP_SERVER_CSEQ.3
2026-08-30T01:47:35 RENDER  CURLINFO_RTSP_SESSION_ID.3
2026-08-30T01:47:35 RENDER  CURLINFO_SCHEME.3
2026-08-30T01:47:35 RENDER  CURLINFO_SIZE_DOWNLOAD.3
2026-08-30T01:47:35 RENDER  CURLINFO_SIZE_DOWNLOAD_T.3
2026-08-30T01:47:35 RENDER  CURLINFO_SIZE_UPLOAD.3
2026-08-30T01:47:35 RENDER  CURLINFO_SIZE_UPLOAD_T.3
2026-08-30T01:47:35 RENDER  CURLINFO_SPEED_DOWNLOAD.3
2026-08-30T01:47:35 RENDER  CURLINFO_SPEED_DOWNLOAD_T.3
2026-08-30T01:47:35 RENDER  CURLINFO_SPEED_UPLOAD.3
2026-08-30T01:47:35 RENDER  CURLINFO_SPEED_UPLOAD_T.3
2026-08-30T01:47:36 RENDER  CURLINFO_SSL_ENGINES.3
2026-08-30T01:47:36 RENDER  CURLINFO_SSL_VERIFYRESULT.3
2026-08-30T01:47:36 RENDER  CURLINFO_STARTTRANSFER_TIME.3
2026-08-30T01:47:36 RENDER  CURLINFO_STARTTRANSFER_TIME_T.3
2026-08-30T01:47:36 RENDER  CURLINFO_TLS_SESSION.3
2026-08-30T01:47:36 RENDER  CURLINFO_TLS_SSL_PTR.3
2026-08-30T01:47:36 RENDER  CURLINFO_TOTAL_TIME.3
2026-08-30T01:47:36 RENDER  CURLINFO_TOTAL_TIME_T.3
2026-08-30T01:47:36 RENDER  CURLINFO_XFER_ID.3
2026-08-30T01:47:36 RENDER  CURLMOPT_CHUNK_LENGTH_PENALTY_SIZE.3
2026-08-30T01:47:36 RENDER  CURLMOPT_CONTENT_LENGTH_PENALTY_SIZE.3
2026-08-30T01:47:36 RENDER  CURLMOPT_MAX_CONCURRENT_STREAMS.3
2026-08-30T01:47:36 RENDER  CURLMOPT_MAX_HOST_CONNECTIONS.3
2026-08-30T01:47:36 RENDER  CURLMOPT_MAX_PIPELINE_LENGTH.3
2026-08-30T01:47:36 RENDER  CURLMOPT_MAX_TOTAL_CONNECTIONS.3
2026-08-30T01:47:36 RENDER  CURLMOPT_MAXCONNECTS.3
2026-08-30T01:47:36 RENDER  CURLMOPT_PIPELINING.3
2026-08-30T01:47:36 RENDER  CURLMOPT_PIPELINING_SERVER_BL.3
2026-08-30T01:47:36 RENDER  CURLMOPT_PIPELINING_SITE_BL.3
2026-08-30T01:47:36 RENDER  CURLMOPT_PUSHDATA.3
2026-08-30T01:47:36 RENDER  CURLMOPT_PUSHFUNCTION.3
2026-08-30T01:47:36 RENDER  CURLMOPT_SOCKETDATA.3
2026-08-30T01:47:36 RENDER  CURLMOPT_SOCKETFUNCTION.3
2026-08-30T01:47:36 RENDER  CURLMOPT_TIMERDATA.3
2026-08-30T01:47:36 RENDER  CURLMOPT_TIMERFUNCTION.3
2026-08-30T01:47:36 RENDER  CURLOPT_ABSTRACT_UNIX_SOCKET.3
2026-08-30T01:47:36 RENDER  CURLOPT_ACCEPT_ENCODING.3
2026-08-30T01:47:36 RENDER  CURLOPT_ACCEPTTIMEOUT_MS.3
2026-08-30T01:47:36 RENDER  CURLOPT_ADDRESS_SCOPE.3
2026-08-30T01:47:36 RENDER  CURLOPT_ALTSVC.3
2026-08-30T01:47:36 RENDER  CURLOPT_ALTSVC_CTRL.3
2026-08-30T01:47:36 RENDER  CURLOPT_APPEND.3
2026-08-30T01:47:36 RENDER  CURLOPT_AUTOREFERER.3
2026-08-30T01:47:37 RENDER  CURLOPT_AWS_SIGV4.3
2026-08-30T01:47:37 RENDER  CURLOPT_BUFFERSIZE.3
2026-08-30T01:47:37 RENDER  CURLOPT_CAINFO.3
2026-08-30T01:47:37 RENDER  CURLOPT_CAINFO_BLOB.3
2026-08-30T01:47:37 RENDER  CURLOPT_CAPATH.3
2026-08-30T01:47:37 RENDER  CURLOPT_CA_CACHE_TIMEOUT.3
2026-08-30T01:47:37 RENDER  CURLOPT_CERTINFO.3
2026-08-30T01:47:37 RENDER  CURLOPT_CHUNK_BGN_FUNCTION.3
2026-08-30T01:47:37 RENDER  CURLOPT_CHUNK_DATA.3
2026-08-30T01:47:37 RENDER  CURLOPT_CHUNK_END_FUNCTION.3
2026-08-30T01:47:37 RENDER  CURLOPT_CLOSESOCKETDATA.3
2026-08-30T01:47:37 RENDER  CURLOPT_CLOSESOCKETFUNCTION.3
2026-08-30T01:47:37 RENDER  CURLOPT_CONNECT_ONLY.3
2026-08-30T01:47:37 RENDER  CURLOPT_CONNECT_TO.3
2026-08-30T01:47:37 RENDER  CURLOPT_CONNECTTIMEOUT.3
2026-08-30T01:47:37 RENDER  CURLOPT_CONNECTTIMEOUT_MS.3
2026-08-30T01:47:37 RENDER  CURLOPT_CONV_FROM_NETWORK_FUNCTION.3
2026-08-30T01:47:37 RENDER  CURLOPT_CONV_FROM_UTF8_FUNCTION.3
2026-08-30T01:47:37 RENDER  CURLOPT_CONV_TO_NETWORK_FUNCTION.3
2026-08-30T01:47:37 RENDER  CURLOPT_COOKIE.3
2026-08-30T01:47:37 RENDER  CURLOPT_COOKIEFILE.3
2026-08-30T01:47:37 RENDER  CURLOPT_COOKIEJAR.3
2026-08-30T01:47:37 RENDER  CURLOPT_COOKIELIST.3
2026-08-30T01:47:37 RENDER  CURLOPT_COOKIESESSION.3
2026-08-30T01:47:37 RENDER  CURLOPT_COPYPOSTFIELDS.3
2026-08-30T01:47:37 RENDER  CURLOPT_CRLF.3
2026-08-30T01:47:37 RENDER  CURLOPT_CRLFILE.3
2026-08-30T01:47:37 RENDER  CURLOPT_CURLU.3
2026-08-30T01:47:37 RENDER  CURLOPT_CUSTOMREQUEST.3
2026-08-30T01:47:37 RENDER  CURLOPT_DEBUGDATA.3
2026-08-30T01:47:37 RENDER  CURLOPT_DEBUGFUNCTION.3
2026-08-30T01:47:37 RENDER  CURLOPT_DEFAULT_PROTOCOL.3
2026-08-30T01:47:37 RENDER  CURLOPT_DIRLISTONLY.3
2026-08-30T01:47:38 RENDER  CURLOPT_DISALLOW_USERNAME_IN_URL.3
2026-08-30T01:47:38 RENDER  CURLOPT_DNS_CACHE_TIMEOUT.3
2026-08-30T01:47:38 RENDER  CURLOPT_DNS_INTERFACE.3
2026-08-30T01:47:38 RENDER  CURLOPT_DNS_LOCAL_IP4.3
2026-08-30T01:47:38 RENDER  CURLOPT_DNS_LOCAL_IP6.3
2026-08-30T01:47:38 RENDER  CURLOPT_DNS_SERVERS.3
2026-08-30T01:47:38 RENDER  CURLOPT_DNS_SHUFFLE_ADDRESSES.3
2026-08-30T01:47:38 RENDER  CURLOPT_DNS_USE_GLOBAL_CACHE.3
2026-08-30T01:47:38 RENDER  CURLOPT_DOH_SSL_VERIFYHOST.3
2026-08-30T01:47:38 RENDER  CURLOPT_DOH_SSL_VERIFYPEER.3
2026-08-30T01:47:38 RENDER  CURLOPT_DOH_SSL_VERIFYSTATUS.3
2026-08-30T01:47:38 RENDER  CURLOPT_DOH_URL.3
2026-08-30T01:47:38 RENDER  CURLOPT_EGDSOCKET.3
2026-08-30T01:47:38 RENDER  CURLOPT_ERRORBUFFER.3
2026-08-30T01:47:38 RENDER  CURLOPT_EXPECT_100_TIMEOUT_MS.3
2026-08-30T01:47:38 RENDER  CURLOPT_FAILONERROR.3
2026-08-30T01:47:38 RENDER  CURLOPT_FILETIME.3
2026-08-30T01:47:38 RENDER  CURLOPT_FNMATCH_DATA.3
2026-08-30T01:47:38 RENDER  CURLOPT_FNMATCH_FUNCTION.3
2026-08-30T01:47:38 RENDER  CURLOPT_FOLLOWLOCATION.3
2026-08-30T01:47:38 RENDER  CURLOPT_FORBID_REUSE.3
2026-08-30T01:47:38 RENDER  CURLOPT_FRESH_CONNECT.3
2026-08-30T01:47:38 RENDER  CURLOPT_FTP_ACCOUNT.3
2026-08-30T01:47:38 RENDER  CURLOPT_FTP_ALTERNATIVE_TO_USER.3
2026-08-30T01:47:38 RENDER  CURLOPT_FTP_CREATE_MISSING_DIRS.3
2026-08-30T01:47:38 RENDER  CURLOPT_FTP_FILEMETHOD.3
2026-08-30T01:47:38 RENDER  CURLOPT_FTP_SKIP_PASV_IP.3
2026-08-30T01:47:38 RENDER  CURLOPT_FTP_SSL_CCC.3
2026-08-30T01:47:38 RENDER  CURLOPT_FTP_USE_EPRT.3
2026-08-30T01:47:38 RENDER  CURLOPT_FTP_USE_EPSV.3
2026-08-30T01:47:38 RENDER  CURLOPT_FTP_USE_PRET.3
2026-08-30T01:47:38 RENDER  CURLOPT_FTPPORT.3
2026-08-30T01:47:38 RENDER  CURLOPT_FTPSSLAUTH.3
2026-08-30T01:47:39 RENDER  CURLOPT_GSSAPI_DELEGATION.3
2026-08-30T01:47:39 RENDER  CURLOPT_HAPPY_EYEBALLS_TIMEOUT_MS.3
2026-08-30T01:47:39 RENDER  CURLOPT_HAPROXYPROTOCOL.3
2026-08-30T01:47:39 RENDER  CURLOPT_HAPROXY_CLIENT_IP.3
2026-08-30T01:47:39 RENDER  CURLOPT_HEADER.3
2026-08-30T01:47:39 RENDER  CURLOPT_HEADERDATA.3
2026-08-30T01:47:39 RENDER  CURLOPT_HEADERFUNCTION.3
2026-08-30T01:47:39 RENDER  CURLOPT_HEADEROPT.3
2026-08-30T01:47:39 RENDER  CURLOPT_HSTS.3
2026-08-30T01:47:39 RENDER  CURLOPT_HSTS_CTRL.3
2026-08-30T01:47:39 RENDER  CURLOPT_HSTSREADDATA.3
2026-08-30T01:47:39 RENDER  CURLOPT_HSTSREADFUNCTION.3
2026-08-30T01:47:39 RENDER  CURLOPT_HSTSWRITEDATA.3
2026-08-30T01:47:39 RENDER  CURLOPT_HSTSWRITEFUNCTION.3
2026-08-30T01:47:39 RENDER  CURLOPT_HTTP09_ALLOWED.3
2026-08-30T01:47:39 RENDER  CURLOPT_HTTP200ALIASES.3
2026-08-30T01:47:39 RENDER  CURLOPT_HTTP_CONTENT_DECODING.3
2026-08-30T01:47:39 RENDER  CURLOPT_HTTP_TRANSFER_DECODING.3
2026-08-30T01:47:39 RENDER  CURLOPT_HTTP_VERSION.3
2026-08-30T01:47:39 RENDER  CURLOPT_HTTPAUTH.3
2026-08-30T01:47:39 RENDER  CURLOPT_HTTPGET.3
2026-08-30T01:47:39 RENDER  CURLOPT_HTTPHEADER.3
2026-08-30T01:47:39 RENDER  CURLOPT_HTTPPOST.3
2026-08-30T01:47:39 RENDER  CURLOPT_HTTPPROXYTUNNEL.3
2026-08-30T01:47:39 RENDER  CURLOPT_IGNORE_CONTENT_LENGTH.3
2026-08-30T01:47:39 RENDER  CURLOPT_INFILESIZE.3
2026-08-30T01:47:39 RENDER  CURLOPT_INFILESIZE_LARGE.3
2026-08-30T01:47:39 RENDER  CURLOPT_INTERFACE.3
2026-08-30T01:47:39 RENDER  CURLOPT_INTERLEAVEDATA.3
2026-08-30T01:47:39 RENDER  CURLOPT_INTERLEAVEFUNCTION.3
2026-08-30T01:47:39 RENDER  CURLOPT_IOCTLDATA.3
2026-08-30T01:47:39 RENDER  CURLOPT_IOCTLFUNCTION.3
2026-08-30T01:47:40 RENDER  CURLOPT_IPRESOLVE.3
2026-08-30T01:47:40 RENDER  CURLOPT_ISSUERCERT.3
2026-08-30T01:47:40 RENDER  CURLOPT_ISSUERCERT_BLOB.3
2026-08-30T01:47:40 RENDER  CURLOPT_KEEP_SENDING_ON_ERROR.3
2026-08-30T01:47:40 RENDER  CURLOPT_KEYPASSWD.3
2026-08-30T01:47:40 RENDER  CURLOPT_KRBLEVEL.3
2026-08-30T01:47:40 RENDER  CURLOPT_LOCALPORT.3
2026-08-30T01:47:40 RENDER  CURLOPT_LOCALPORTRANGE.3
2026-08-30T01:47:40 RENDER  CURLOPT_LOGIN_OPTIONS.3
2026-08-30T01:47:40 RENDER  CURLOPT_LOW_SPEED_LIMIT.3
2026-08-30T01:47:40 RENDER  CURLOPT_LOW_SPEED_TIME.3
2026-08-30T01:47:40 RENDER  CURLOPT_MAIL_AUTH.3
2026-08-30T01:47:40 RENDER  CURLOPT_MAIL_FROM.3
2026-08-30T01:47:40 RENDER  CURLOPT_MAIL_RCPT.3
2026-08-30T01:47:40 RENDER  CURLOPT_MAIL_RCPT_ALLOWFAILS.3
2026-08-30T01:47:40 RENDER  CURLOPT_MAX_RECV_SPEED_LARGE.3
2026-08-30T01:47:40 RENDER  CURLOPT_MAX_SEND_SPEED_LARGE.3
2026-08-30T01:47:40 RENDER  CURLOPT_MAXAGE_CONN.3
2026-08-30T01:47:40 RENDER  CURLOPT_MAXCONNECTS.3
2026-08-30T01:47:40 RENDER  CURLOPT_MAXFILESIZE.3
2026-08-30T01:47:40 RENDER  CURLOPT_MAXFILESIZE_LARGE.3
2026-08-30T01:47:40 RENDER  CURLOPT_MAXLIFETIME_CONN.3
2026-08-30T01:47:40 RENDER  CURLOPT_MAXREDIRS.3
2026-08-30T01:47:40 RENDER  CURLOPT_MIME_OPTIONS.3
2026-08-30T01:47:40 RENDER  CURLOPT_MIMEPOST.3
2026-08-30T01:47:40 RENDER  CURLOPT_NETRC.3
2026-08-30T01:47:40 RENDER  CURLOPT_NETRC_FILE.3
2026-08-30T01:47:40 RENDER  CURLOPT_NEW_DIRECTORY_PERMS.3
2026-08-30T01:47:40 RENDER  CURLOPT_NEW_FILE_PERMS.3
2026-08-30T01:47:40 RENDER  CURLOPT_NOBODY.3
2026-08-30T01:47:40 RENDER  CURLOPT_NOPROGRESS.3
2026-08-30T01:47:40 RENDER  CURLOPT_NOPROXY.3
2026-08-30T01:47:40 RENDER  CURLOPT_NOSIGNAL.3
2026-08-30T01:47:41 RENDER  CURLOPT_OPENSOCKETDATA.3
2026-08-30T01:47:41 RENDER  CURLOPT_OPENSOCKETFUNCTION.3
2026-08-30T01:47:41 RENDER  CURLOPT_PASSWORD.3
2026-08-30T01:47:41 RENDER  CURLOPT_PATH_AS_IS.3
2026-08-30T01:47:41 RENDER  CURLOPT_PINNEDPUBLICKEY.3
2026-08-30T01:47:41 RENDER  CURLOPT_PIPEWAIT.3
2026-08-30T01:47:41 RENDER  CURLOPT_PORT.3
2026-08-30T01:47:41 RENDER  CURLOPT_POST.3
2026-08-30T01:47:41 RENDER  CURLOPT_POSTFIELDS.3
2026-08-30T01:47:41 RENDER  CURLOPT_POSTFIELDSIZE.3
2026-08-30T01:47:41 RENDER  CURLOPT_POSTFIELDSIZE_LARGE.3
2026-08-30T01:47:41 RENDER  CURLOPT_POSTQUOTE.3
2026-08-30T01:47:41 RENDER  CURLOPT_POSTREDIR.3
2026-08-30T01:47:41 RENDER  CURLOPT_PRE_PROXY.3
2026-08-30T01:47:41 RENDER  CURLOPT_PREQUOTE.3
2026-08-30T01:47:41 RENDER  CURLOPT_PREREQDATA.3
2026-08-30T01:47:41 RENDER  CURLOPT_PREREQFUNCTION.3
2026-08-30T01:47:41 RENDER  CURLOPT_PRIVATE.3
2026-08-30T01:47:41 RENDER  CURLOPT_PROGRESSDATA.3
2026-08-30T01:47:41 RENDER  CURLOPT_PROGRESSFUNCTION.3
2026-08-30T01:47:41 RENDER  CURLOPT_PROTOCOLS.3
2026-08-30T01:47:41 RENDER  CURLOPT_PROTOCOLS_STR.3
2026-08-30T01:47:41 RENDER  CURLOPT_PROXY.3
2026-08-30T01:47:41 RENDER  CURLOPT_PROXY_CAINFO.3
2026-08-30T01:47:41 RENDER  CURLOPT_PROXY_CAINFO_BLOB.3
2026-08-30T01:47:41 RENDER  CURLOPT_PROXY_CAPATH.3
2026-08-30T01:47:41 RENDER  CURLOPT_PROXY_CRLFILE.3
2026-08-30T01:47:41 RENDER  CURLOPT_PROXY_ISSUERCERT.3
2026-08-30T01:47:41 RENDER  CURLOPT_PROXY_ISSUERCERT_BLOB.3
2026-08-30T01:47:41 RENDER  CURLOPT_PROXY_KEYPASSWD.3
2026-08-30T01:47:41 RENDER  CURLOPT_PROXY_PINNEDPUBLICKEY.3
2026-08-30T01:47:41 RENDER  CURLOPT_PROXY_SERVICE_NAME.3
2026-08-30T01:47:42 RENDER  CURLOPT_PROXY_SSL_CIPHER_LIST.3
2026-08-30T01:47:42 RENDER  CURLOPT_PROXY_SSL_OPTIONS.3
2026-08-30T01:47:42 RENDER  CURLOPT_PROXY_SSL_VERIFYHOST.3
2026-08-30T01:47:42 RENDER  CURLOPT_PROXY_SSL_VERIFYPEER.3
2026-08-30T01:47:42 RENDER  CURLOPT_PROXY_SSLCERT.3
2026-08-30T01:47:42 RENDER  CURLOPT_PROXY_SSLCERT_BLOB.3
2026-08-30T01:47:42 RENDER  CURLOPT_PROXY_SSLCERTTYPE.3
2026-08-30T01:47:42 RENDER  CURLOPT_PROXY_SSLKEY.3
2026-08-30T01:47:42 RENDER  CURLOPT_PROXY_SSLKEY_BLOB.3
2026-08-30T01:47:42 RENDER  CURLOPT_PROXY_SSLKEYTYPE.3
2026-08-30T01:47:42 RENDER  CURLOPT_PROXY_SSLVERSION.3
2026-08-30T01:47:42 RENDER  CURLOPT_PROXY_TLS13_CIPHERS.3
2026-08-30T01:47:42 RENDER  CURLOPT_PROXY_TLSAUTH_PASSWORD.3
2026-08-30T01:47:42 RENDER  CURLOPT_PROXY_TLSAUTH_TYPE.3
2026-08-30T01:47:42 RENDER  CURLOPT_PROXY_TLSAUTH_USERNAME.3
2026-08-30T01:47:42 RENDER  CURLOPT_PROXY_TRANSFER_MODE.3
2026-08-30T01:47:42 RENDER  CURLOPT_PROXYAUTH.3
2026-08-30T01:47:42 RENDER  CURLOPT_PROXYHEADER.3
2026-08-30T01:47:42 RENDER  CURLOPT_PROXYPASSWORD.3
2026-08-30T01:47:42 RENDER  CURLOPT_PROXYPORT.3
2026-08-30T01:47:42 RENDER  CURLOPT_PROXYTYPE.3
2026-08-30T01:47:42 RENDER  CURLOPT_PROXYUSERNAME.3
2026-08-30T01:47:42 RENDER  CURLOPT_PROXYUSERPWD.3
2026-08-30T01:47:42 RENDER  CURLOPT_PUT.3
2026-08-30T01:47:42 RENDER  CURLOPT_QUICK_EXIT.3
2026-08-30T01:47:42 RENDER  CURLOPT_QUOTE.3
2026-08-30T01:47:42 RENDER  CURLOPT_RANDOM_FILE.3
2026-08-30T01:47:42 RENDER  CURLOPT_RANGE.3
2026-08-30T01:47:42 RENDER  CURLOPT_READDATA.3
2026-08-30T01:47:42 RENDER  CURLOPT_READFUNCTION.3
2026-08-30T01:47:42 RENDER  CURLOPT_REDIR_PROTOCOLS.3
2026-08-30T01:47:42 RENDER  CURLOPT_REDIR_PROTOCOLS_STR.3
2026-08-30T01:47:42 RENDER  CURLOPT_REFERER.3
2026-08-30T01:47:43 RENDER  CURLOPT_REQUEST_TARGET.3
2026-08-30T01:47:43 RENDER  CURLOPT_RESOLVE.3
2026-08-30T01:47:43 RENDER  CURLOPT_RESOLVER_START_DATA.3
2026-08-30T01:47:43 RENDER  CURLOPT_RESOLVER_START_FUNCTION.3
2026-08-30T01:47:43 RENDER  CURLOPT_RESUME_FROM.3
2026-08-30T01:47:43 RENDER  CURLOPT_RESUME_FROM_LARGE.3
2026-08-30T01:47:43 RENDER  CURLOPT_RTSP_CLIENT_CSEQ.3
2026-08-30T01:47:43 RENDER  CURLOPT_RTSP_REQUEST.3
2026-08-30T01:47:43 RENDER  CURLOPT_RTSP_SERVER_CSEQ.3
2026-08-30T01:47:43 RENDER  CURLOPT_RTSP_SESSION_ID.3
2026-08-30T01:47:43 RENDER  CURLOPT_RTSP_STREAM_URI.3
2026-08-30T01:47:43 RENDER  CURLOPT_RTSP_TRANSPORT.3
2026-08-30T01:47:43 RENDER  CURLOPT_SASL_AUTHZID.3
2026-08-30T01:47:43 RENDER  CURLOPT_SASL_IR.3
2026-08-30T01:47:43 RENDER  CURLOPT_SEEKDATA.3
2026-08-30T01:47:43 RENDER  CURLOPT_SEEKFUNCTION.3
2026-08-30T01:47:43 RENDER  CURLOPT_SERVER_RESPONSE_TIMEOUT.3
2026-08-30T01:47:43 RENDER  CURLOPT_SERVER_RESPONSE_TIMEOUT_MS.3
2026-08-30T01:47:43 RENDER  CURLOPT_SERVICE_NAME.3
2026-08-30T01:47:43 RENDER  CURLOPT_SHARE.3
2026-08-30T01:47:43 RENDER  CURLOPT_SOCKOPTDATA.3
2026-08-30T01:47:43 RENDER  CURLOPT_SOCKOPTFUNCTION.3
2026-08-30T01:47:43 RENDER  CURLOPT_SOCKS5_AUTH.3
2026-08-30T01:47:43 RENDER  CURLOPT_SOCKS5_GSSAPI_NEC.3
2026-08-30T01:47:43 RENDER  CURLOPT_SOCKS5_GSSAPI_SERVICE.3
2026-08-30T01:47:43 RENDER  CURLOPT_SSH_AUTH_TYPES.3
2026-08-30T01:47:43 RENDER  CURLOPT_SSH_COMPRESSION.3
2026-08-30T01:47:43 RENDER  CURLOPT_SSH_HOSTKEYDATA.3
2026-08-30T01:47:43 RENDER  CURLOPT_SSH_HOSTKEYFUNCTION.3
2026-08-30T01:47:43 RENDER  CURLOPT_SSH_HOST_PUBLIC_KEY_MD5.3
2026-08-30T01:47:43 RENDER  CURLOPT_SSH_HOST_PUBLIC_KEY_SHA256.3
2026-08-30T01:47:43 RENDER  CURLOPT_SSH_KEYDATA.3
2026-08-30T01:47:43 RENDER  CURLOPT_SSH_KEYFUNCTION.3
2026-08-30T01:47:44 RENDER  CURLOPT_SSH_KNOWNHOSTS.3
2026-08-30T01:47:44 RENDER  CURLOPT_SSH_PRIVATE_KEYFILE.3
2026-08-30T01:47:44 RENDER  CURLOPT_SSH_PUBLIC_KEYFILE.3
2026-08-30T01:47:44 RENDER  CURLOPT_SSL_CIPHER_LIST.3
2026-08-30T01:47:44 RENDER  CURLOPT_SSL_CTX_DATA.3
2026-08-30T01:47:44 RENDER  CURLOPT_SSL_CTX_FUNCTION.3
2026-08-30T01:47:44 RENDER  CURLOPT_SSL_EC_CURVES.3
2026-08-30T01:47:44 RENDER  CURLOPT_SSL_ENABLE_ALPN.3
2026-08-30T01:47:44 RENDER  CURLOPT_SSL_ENABLE_NPN.3
2026-08-30T01:47:44 RENDER  CURLOPT_SSL_FALSESTART.3
2026-08-30T01:47:44 RENDER  CURLOPT_SSL_OPTIONS.3
2026-08-30T01:47:44 RENDER  CURLOPT_SSL_SESSIONID_CACHE.3
2026-08-30T01:47:44 RENDER  CURLOPT_SSL_VERIFYHOST.3
2026-08-30T01:47:44 RENDER  CURLOPT_SSL_VERIFYPEER.3
2026-08-30T01:47:44 RENDER  CURLOPT_SSL_VERIFYSTATUS.3
2026-08-30T01:47:44 RENDER  CURLOPT_SSLCERT.3
2026-08-30T01:47:44 RENDER  CURLOPT_SSLCERT_BLOB.3
2026-08-30T01:47:44 RENDER  CURLOPT_SSLCERTTYPE.3
2026-08-30T01:47:44 RENDER  CURLOPT_SSLENGINE.3
2026-08-30T01:47:44 RENDER  CURLOPT_SSLENGINE_DEFAULT.3
2026-08-30T01:47:44 RENDER  CURLOPT_SSLKEY.3
2026-08-30T01:47:44 RENDER  CURLOPT_SSLKEY_BLOB.3
2026-08-30T01:47:44 RENDER  CURLOPT_SSLKEYTYPE.3
2026-08-30T01:47:44 RENDER  CURLOPT_SSLVERSION.3
2026-08-30T01:47:44 RENDER  CURLOPT_STDERR.3
2026-08-30T01:47:44 RENDER  CURLOPT_STREAM_DEPENDS.3
2026-08-30T01:47:44 RENDER  CURLOPT_STREAM_DEPENDS_E.3
2026-08-30T01:47:44 RENDER  CURLOPT_STREAM_WEIGHT.3
2026-08-30T01:47:44 RENDER  CURLOPT_SUPPRESS_CONNECT_HEADERS.3
2026-08-30T01:47:44 RENDER  CURLOPT_TCP_FASTOPEN.3
2026-08-30T01:47:44 RENDER  CURLOPT_TCP_KEEPALIVE.3
2026-08-30T01:47:44 RENDER  CURLOPT_TCP_KEEPIDLE.3
2026-08-30T01:47:44 RENDER  CURLOPT_TCP_KEEPINTVL.3
2026-08-30T01:47:45 RENDER  CURLOPT_TCP_NODELAY.3
2026-08-30T01:47:45 RENDER  CURLOPT_TELNETOPTIONS.3
2026-08-30T01:47:45 RENDER  CURLOPT_TFTP_BLKSIZE.3
2026-08-30T01:47:45 RENDER  CURLOPT_TFTP_NO_OPTIONS.3
2026-08-30T01:47:45 RENDER  CURLOPT_TIMECONDITION.3
2026-08-30T01:47:45 RENDER  CURLOPT_TIMEOUT.3
2026-08-30T01:47:45 RENDER  CURLOPT_TIMEOUT_MS.3
2026-08-30T01:47:45 RENDER  CURLOPT_TIMEVALUE.3
2026-08-30T01:47:45 RENDER  CURLOPT_TIMEVALUE_LARGE.3
2026-08-30T01:47:45 RENDER  CURLOPT_TLS13_CIPHERS.3
2026-08-30T01:47:45 RENDER  CURLOPT_TLSAUTH_PASSWORD.3
2026-08-30T01:47:45 RENDER  CURLOPT_TLSAUTH_TYPE.3
2026-08-30T01:47:45 RENDER  CURLOPT_TLSAUTH_USERNAME.3
2026-08-30T01:47:45 RENDER  CURLOPT_TRAILERDATA.3
2026-08-30T01:47:45 RENDER  CURLOPT_TRAILERFUNCTION.3
2026-08-30T01:47:45 RENDER  CURLOPT_TRANSFER_ENCODING.3
2026-08-30T01:47:45 RENDER  CURLOPT_TRANSFERTEXT.3
2026-08-30T01:47:45 RENDER  CURLOPT_UNIX_SOCKET_PATH.3
2026-08-30T01:47:45 RENDER  CURLOPT_UNRESTRICTED_AUTH.3
2026-08-30T01:47:45 RENDER  CURLOPT_UPKEEP_INTERVAL_MS.3
2026-08-30T01:47:45 RENDER  CURLOPT_UPLOAD.3
2026-08-30T01:47:45 RENDER  CURLOPT_UPLOAD_BUFFERSIZE.3
2026-08-30T01:47:45 RENDER  CURLOPT_URL.3
2026-08-30T01:47:45 RENDER  CURLOPT_USE_SSL.3
2026-08-30T01:47:45 RENDER  CURLOPT_USERAGENT.3
2026-08-30T01:47:45 RENDER  CURLOPT_USERNAME.3
2026-08-30T01:47:45 RENDER  CURLOPT_USERPWD.3
2026-08-30T01:47:45 RENDER  CURLOPT_VERBOSE.3
2026-08-30T01:47:45 RENDER  CURLOPT_WILDCARDMATCH.3
2026-08-30T01:47:45 RENDER  CURLOPT_WRITEDATA.3
2026-08-30T01:47:45 RENDER  CURLOPT_WRITEFUNCTION.3
2026-08-30T01:47:45 RENDER  CURLOPT_WS_OPTIONS.3
2026-08-30T01:47:45 RENDER  CURLOPT_XFERINFODATA.3
2026-08-30T01:47:46 RENDER  CURLOPT_XFERINFOFUNCTION.3
2026-08-30T01:47:46 RENDER  CURLOPT_XOAUTH2_BEARER.3
2026-08-30T01:47:46 RENDER  CURLSHOPT_LOCKFUNC.3
2026-08-30T01:47:46 RENDER  CURLSHOPT_SHARE.3
2026-08-30T01:47:46 RENDER  CURLSHOPT_UNLOCKFUNC.3
2026-08-30T01:47:46 RENDER  CURLSHOPT_UNSHARE.3
2026-08-30T01:47:46 RENDER  CURLSHOPT_USERDATA.3
2026-08-30T01:47:46 RENDER  curl_easy_cleanup.3
2026-08-30T01:47:46 RENDER  curl_easy_duphandle.3
2026-08-30T01:47:46 RENDER  curl_easy_escape.3
2026-08-30T01:47:46 RENDER  curl_easy_getinfo.3
2026-08-30T01:47:46 RENDER  curl_easy_header.3
2026-08-30T01:47:46 RENDER  curl_easy_init.3
2026-08-30T01:47:46 RENDER  curl_easy_nextheader.3
2026-08-30T01:47:46 RENDER  curl_easy_option_by_id.3
2026-08-30T01:47:46 RENDER  curl_easy_option_by_name.3
2026-08-30T01:47:46 RENDER  curl_easy_option_next.3
2026-08-30T01:47:46 RENDER  curl_easy_pause.3
2026-08-30T01:47:46 RENDER  curl_easy_perform.3
2026-08-30T01:47:46 RENDER  curl_easy_recv.3
2026-08-30T01:47:46 RENDER  curl_easy_reset.3
2026-08-30T01:47:46 RENDER  curl_easy_send.3
2026-08-30T01:47:46 RENDER  curl_easy_setopt.3
2026-08-30T01:47:46 RENDER  curl_easy_strerror.3
2026-08-30T01:47:46 RENDER  curl_easy_unescape.3
2026-08-30T01:47:46 RENDER  curl_easy_upkeep.3
2026-08-30T01:47:46 RENDER  curl_escape.3
2026-08-30T01:47:46 RENDER  curl_formadd.3
2026-08-30T01:47:46 RENDER  curl_formfree.3
2026-08-30T01:47:46 RENDER  curl_formget.3
2026-08-30T01:47:46 RENDER  curl_free.3
2026-08-30T01:47:46 RENDER  curl_getdate.3
2026-08-30T01:47:47 RENDER  curl_getenv.3
2026-08-30T01:47:47 RENDER  curl_global_cleanup.3
2026-08-30T01:47:47 RENDER  curl_global_init.3
2026-08-30T01:47:47 RENDER  curl_global_init_mem.3
2026-08-30T01:47:47 RENDER  curl_global_trace.3
2026-08-30T01:47:47 RENDER  curl_global_sslset.3
2026-08-30T01:47:47 RENDER  curl_mime_addpart.3
2026-08-30T01:47:47 RENDER  curl_mime_data.3
2026-08-30T01:47:47 RENDER  curl_mime_data_cb.3
2026-08-30T01:47:47 RENDER  curl_mime_encoder.3
2026-08-30T01:47:47 RENDER  curl_mime_filedata.3
2026-08-30T01:47:47 RENDER  curl_mime_filename.3
2026-08-30T01:47:47 RENDER  curl_mime_free.3
2026-08-30T01:47:47 RENDER  curl_mime_headers.3
2026-08-30T01:47:47 RENDER  curl_mime_init.3
2026-08-30T01:47:47 RENDER  curl_mime_name.3
2026-08-30T01:47:47 RENDER  curl_mime_subparts.3
2026-08-30T01:47:47 RENDER  curl_mime_type.3
2026-08-30T01:47:47 RENDER  curl_mprintf.3
2026-08-30T01:47:47 RENDER  curl_multi_add_handle.3
2026-08-30T01:47:47 RENDER  curl_multi_assign.3
2026-08-30T01:47:47 RENDER  curl_multi_cleanup.3
2026-08-30T01:47:47 RENDER  curl_multi_fdset.3
2026-08-30T01:47:47 RENDER  curl_multi_get_handles.3
2026-08-30T01:47:47 RENDER  curl_multi_info_read.3
2026-08-30T01:47:47 RENDER  curl_multi_init.3
2026-08-30T01:47:47 RENDER  curl_multi_perform.3
2026-08-30T01:47:47 RENDER  curl_multi_poll.3
2026-08-30T01:47:47 RENDER  curl_multi_remove_handle.3
2026-08-30T01:47:47 RENDER  curl_multi_setopt.3
2026-08-30T01:47:47 RENDER  curl_multi_socket.3
2026-08-30T01:47:47 RENDER  curl_multi_socket_action.3
2026-08-30T01:47:47 RENDER  curl_multi_socket_all.3
2026-08-30T01:47:48 RENDER  curl_multi_strerror.3
2026-08-30T01:47:48 RENDER  curl_multi_timeout.3
2026-08-30T01:47:48 RENDER  curl_multi_wakeup.3
2026-08-30T01:47:48 RENDER  curl_multi_wait.3
2026-08-30T01:47:48 RENDER  curl_pushheader_bynum.3
2026-08-30T01:47:48 RENDER  curl_pushheader_byname.3
2026-08-30T01:47:48 RENDER  curl_share_cleanup.3
2026-08-30T01:47:48 RENDER  curl_share_init.3
2026-08-30T01:47:48 RENDER  curl_share_setopt.3
2026-08-30T01:47:48 RENDER  curl_share_strerror.3
2026-08-30T01:47:48 RENDER  curl_slist_append.3
2026-08-30T01:47:48 RENDER  curl_slist_free_all.3
2026-08-30T01:47:48 RENDER  curl_strequal.3
2026-08-30T01:47:48 RENDER  curl_strnequal.3
2026-08-30T01:47:48 RENDER  curl_unescape.3
2026-08-30T01:47:48 RENDER  curl_url.3
2026-08-30T01:47:48 RENDER  curl_url_cleanup.3
2026-08-30T01:47:48 RENDER  curl_url_dup.3
2026-08-30T01:47:48 RENDER  curl_url_get.3
2026-08-30T01:47:48 RENDER  curl_url_set.3
2026-08-30T01:47:48 RENDER  curl_url_strerror.3
2026-08-30T01:47:48 RENDER  curl_version.3
2026-08-30T01:47:48 RENDER  curl_version_info.3
2026-08-30T01:47:48 RENDER  curl_ws_meta.3
2026-08-30T01:47:48 RENDER  curl_ws_recv.3
2026-08-30T01:47:48 RENDER  curl_ws_send.3
2026-08-30T01:47:48 RENDER  libcurl-easy.3
2026-08-30T01:47:48 RENDER  libcurl-env.3
2026-08-30T01:47:48 RENDER  libcurl-env-dbg.3
2026-08-30T01:47:48 RENDER  libcurl-errors.3
2026-08-30T01:47:48 RENDER  libcurl-multi.3
2026-08-30T01:47:48 RENDER  libcurl-security.3
2026-08-30T01:47:49 RENDER  libcurl-share.3
2026-08-30T01:47:49 RENDER  libcurl-symbols.3
2026-08-30T01:47:49 RENDER  libcurl-thread.3
2026-08-30T01:47:49 RENDER  libcurl-tutorial.3
2026-08-30T01:47:49 RENDER  libcurl-url.3
2026-08-30T01:47:49 RENDER  libcurl-ws.3
2026-08-30T01:47:49 RENDER  libcurl.3
2026-08-30T01:47:49 CC       slist_wc.o
2026-08-30T01:47:49 CC       tool_binmode.o
2026-08-30T01:47:49 CC       tool_bname.o
2026-08-30T01:47:49 CC       tool_cb_dbg.o
2026-08-30T01:47:49 CC       tool_cb_hdr.o
2026-08-30T01:47:50 CC       tool_cb_prg.o
2026-08-30T01:47:50 CC       tool_cb_rea.o
2026-08-30T01:47:50 CC       tool_cb_see.o
2026-08-30T01:47:50 CC       tool_cb_wrt.o
2026-08-30T01:47:50 CC       tool_cfgable.o
2026-08-30T01:47:50 CC       tool_dirhie.o
2026-08-30T01:47:50 CC       tool_doswin.o
2026-08-30T01:47:51 CC       tool_easysrc.o
2026-08-30T01:47:51 CC       tool_filetime.o
2026-08-30T01:47:51 CC       tool_findfile.o
2026-08-30T01:47:51 CC       tool_formparse.o
2026-08-30T01:47:51 CC       tool_getparam.o
2026-08-30T01:47:52 CC       tool_getpass.o
2026-08-30T01:47:53 CC       tool_help.o
2026-08-30T01:47:53 CC       tool_helpers.o
2026-08-30T01:47:53 CC       tool_hugehelp.o
2026-08-30T01:47:53 CC       tool_ipfs.o
2026-08-30T01:47:53 CC       tool_libinfo.o
2026-08-30T01:47:53 CC       tool_listhelp.o
2026-08-30T01:47:53 CC       tool_main.o
2026-08-30T01:47:54 CC       tool_msgs.o
2026-08-30T01:47:54 CC       tool_operate.o
2026-08-30T01:47:56 CC       tool_operhlp.o
2026-08-30T01:47:56 CC       tool_paramhlp.o
2026-08-30T01:47:56 CC       tool_parsecfg.o
2026-08-30T01:47:57 CC       tool_progress.o
2026-08-30T01:47:57 CC       tool_setopt.o
2026-08-30T01:47:57 CC       tool_sleep.o
2026-08-30T01:47:57 CC       tool_stderr.o
2026-08-30T01:47:57 CC       tool_strdup.o
2026-08-30T01:47:57 CC       tool_urlglob.o
2026-08-30T01:47:58 CC       tool_util.o
2026-08-30T01:47:58 CC       tool_vms.o
2026-08-30T01:47:58 CC       tool_writeout.o
2026-08-30T01:47:58 CC       tool_writeout_json.o
2026-08-30T01:47:58 CC       tool_xattr.o
2026-08-30T01:47:59 CC       var.o
2026-08-30T01:47:59 CC       ../lib/base64.o
2026-08-30T01:47:59 CC       ../lib/curl_multibyte.o
2026-08-30T01:47:59 CC       ../lib/dynbuf.o
2026-08-30T01:47:59 CC       ../lib/nonblock.o
2026-08-30T01:47:59 CC       ../lib/strtoofft.o
2026-08-30T01:47:59 CC       ../lib/timediff.o
2026-08-30T01:48:00 CC       ../lib/version_win32.o
2026-08-30T01:48:00 CC       ../lib/warnless.o
2026-08-30T01:48:00 CCLD     curl
2026-08-30T01:48:00 make[3]: Nothing to be done for 'all-am'.
2026-08-30T01:48:00 [7m>>> libcurl 8.6.0 Installing to staging directory[27m
2026-08-30T01:48:00 GIT_DIR=. PATH="/home/linux/rk3506/buildroot/output/rockchip_rk3506_recovery/host/bin:/home/linux/rk3506/buildroot/output/rockchip_rk3506_recovery/host/sbin:/usr/local/sbin:/usr/local/bin:/usr/sbin:/usr/bin:/sbin:/bin:/usr/games:/usr/local/games:/snap/bin:/snap/bin" FORCE_UNSAFE_CONFIGURE=1  /usr/bin/make -j1 DESTDIR=/home/linux/rk3506/buildroot/output/rockchip_rk3506_recovery/host/arm-buildroot-linux-gnueabihf/sysroot install -C /home/linux/rk3506/buildroot/output/rockchip_rk3506_recovery/build/libcurl-8.6.0/
2026-08-30T01:48:00 Making install in lib
2026-08-30T01:48:00 /usr/bin/mkdir -p '/home/linux/rk3506/buildroot/output/rockchip_rk3506_recovery/host/arm-buildroot-linux-gnueabihf/sysroot/usr/lib'
2026-08-30T01:48:00 /bin/bash ../libtool   --mode=install /usr/bin/install -c   libcurl.la '/home/linux/rk3506/buildroot/output/rockchip_rk3506_recovery/host/arm-buildroot-linux-gnueabihf/sysroot/usr/lib'
2026-08-30T01:48:00 libtool: install: /usr/bin/install -c .libs/libcurl.so.4.8.0 /home/linux/rk3506/buildroot/output/rockchip_rk3506_recovery/host/arm-buildroot-linux-gnueabihf/sysroot/usr/lib/libcurl.so.4.8.0
2026-08-30T01:48:00 libtool: install: (cd /home/linux/rk3506/buildroot/output/rockchip_rk3506_recovery/host/arm-buildroot-linux-gnueabihf/sysroot/usr/lib && { ln -s -f libcurl.so.4.8.0 libcurl.so.4 || { rm -f libcurl.so.4 && ln -s libcurl.so.4.8.0 libcurl.so.4; }; })
2026-08-30T01:48:00 libtool: install: (cd /home/linux/rk3506/buildroot/output/rockchip_rk3506_recovery/host/arm-buildroot-linux-gnueabihf/sysroot/usr/lib && { ln -s -f libcurl.so.4.8.0 libcurl.so || { rm -f libcurl.so && ln -s libcurl.so.4.8.0 libcurl.so; }; })
2026-08-30T01:48:00 libtool: install: /usr/bin/install -c .libs/libcurl.lai /home/linux/rk3506/buildroot/output/rockchip_rk3506_recovery/host/arm-buildroot-linux-gnueabihf/sysroot/usr/lib/libcurl.la
2026-08-30T01:48:01 libtool: [31mwarning[0m: [1mremember to run 'libtool --finish /usr/lib'[0m
2026-08-30T01:48:01 make[4]: Nothing to be done for 'install-data-am'.
2026-08-30T01:48:01 Making install in src
2026-08-30T01:48:01 Making install in ../docs
2026-08-30T01:48:01 Making install in .
2026-08-30T01:48:01 make[6]: Nothing to be done for 'install-exec-am'.
2026-08-30T01:48:01 /usr/bin/mkdir -p '/home/linux/rk3506/buildroot/output/rockchip_rk3506_recovery/host/arm-buildroot-linux-gnueabihf/sysroot/usr/share/man/man1'
2026-08-30T01:48:01 /usr/bin/install -c -m 644 curl-config.1 /home/linux/rk3506/buildroot/output/rockchip_rk3506_recovery/build/libcurl-8.6.0/docs/curl.1 mk-ca-bundle.1 '/home/linux/rk3506/buildroot/output/rockchip_rk3506_recovery/host/arm-buildroot-linux-gnueabihf/sysroot/usr/share/man/man1'
2026-08-30T01:48:01 Making install in cmdline-opts
2026-08-30T01:48:01 make[6]: Nothing to be done for 'install-exec-am'.
2026-08-30T01:48:01 make[6]: Nothing to be done for 'install-data-am'.
2026-08-30T01:48:01 Making install in libcurl
2026-08-30T01:48:01 Making install in opts
2026-08-30T01:48:01 make[7]: Nothing to be done for 'install-exec-am'.
2026-08-30T01:48:01 /usr/bin/mkdir -p '/home/linux/rk3506/buildroot/output/rockchip_rk3506_recovery/host/arm-buildroot-linux-gnueabihf/sysroot/usr/share/man/man3'
2026-08-30T01:48:01 /usr/bin/install -c -m 644 CURLINFO_ACTIVESOCKET.3 CURLINFO_APPCONNECT_TIME.3 CURLINFO_APPCONNECT_TIME_T.3 CURLINFO_CAINFO.3 CURLINFO_CAPATH.3 CURLINFO_CERTINFO.3 CURLINFO_CONDITION_UNMET.3 CURLINFO_CONNECT_TIME.3 CURLINFO_CONNECT_TIME_T.3 CURLINFO_CONN_ID.3 CURLINFO_CONTENT_LENGTH_DOWNLOAD.3 CURLINFO_CONTENT_LENGTH_DOWNLOAD_T.3 CURLINFO_CONTENT_LENGTH_UPLOAD.3 CURLINFO_CONTENT_LENGTH_UPLOAD_T.3 CURLINFO_CONTENT_TYPE.3 CURLINFO_COOKIELIST.3 CURLINFO_EFFECTIVE_METHOD.3 CURLINFO_EFFECTIVE_URL.3 CURLINFO_FILETIME.3 CURLINFO_FILETIME_T.3 CURLINFO_FTP_ENTRY_PATH.3 CURLINFO_HEADER_SIZE.3 CURLINFO_HTTP_CONNECTCODE.3 CURLINFO_HTTP_VERSION.3 CURLINFO_HTTPAUTH_AVAIL.3 CURLINFO_LASTSOCKET.3 CURLINFO_LOCAL_IP.3 CURLINFO_LOCAL_PORT.3 CURLINFO_NAMELOOKUP_TIME.3 CURLINFO_NAMELOOKUP_TIME_T.3 CURLINFO_NUM_CONNECTS.3 CURLINFO_OS_ERRNO.3 CURLINFO_PRETRANSFER_TIME.3 CURLINFO_PRETRANSFER_TIME_T.3 CURLINFO_PRIMARY_IP.3 CURLINFO_PRIMARY_PORT.3 CURLINFO_PRIVATE.3 CURLINFO_PROTOCOL.3 CURLINFO_PROXY_ERROR.3 CURLINFO_PROXY_SSL_VERIFYRESULT.3 '/home/linux/rk3506/buildroot/output/rockchip_rk3506_recovery/host/arm-buildroot-linux-gnueabihf/sysroot/usr/share/man/man3'
2026-08-30T01:48:01 /usr/bin/install -c -m 644 CURLINFO_PROXYAUTH_AVAIL.3 CURLINFO_QUEUE_TIME_T.3 CURLINFO_REDIRECT_COUNT.3 CURLINFO_REDIRECT_TIME.3 CURLINFO_REDIRECT_TIME_T.3 CURLINFO_REDIRECT_URL.3 CURLINFO_REFERER.3 CURLINFO_REQUEST_SIZE.3 CURLINFO_RESPONSE_CODE.3 CURLINFO_RETRY_AFTER.3 CURLINFO_RTSP_CLIENT_CSEQ.3 CURLINFO_RTSP_CSEQ_RECV.3 CURLINFO_RTSP_SERVER_CSEQ.3 CURLINFO_RTSP_SESSION_ID.3 CURLINFO_SCHEME.3 CURLINFO_SIZE_DOWNLOAD.3 CURLINFO_SIZE_DOWNLOAD_T.3 CURLINFO_SIZE_UPLOAD.3 CURLINFO_SIZE_UPLOAD_T.3 CURLINFO_SPEED_DOWNLOAD.3 CURLINFO_SPEED_DOWNLOAD_T.3 CURLINFO_SPEED_UPLOAD.3 CURLINFO_SPEED_UPLOAD_T.3 CURLINFO_SSL_ENGINES.3 CURLINFO_SSL_VERIFYRESULT.3 CURLINFO_STARTTRANSFER_TIME.3 CURLINFO_STARTTRANSFER_TIME_T.3 CURLINFO_TLS_SESSION.3 CURLINFO_TLS_SSL_PTR.3 CURLINFO_TOTAL_TIME.3 CURLINFO_TOTAL_TIME_T.3 CURLINFO_XFER_ID.3 CURLMOPT_CHUNK_LENGTH_PENALTY_SIZE.3 CURLMOPT_CONTENT_LENGTH_PENALTY_SIZE.3 CURLMOPT_MAX_CONCURRENT_STREAMS.3 CURLMOPT_MAX_HOST_CONNECTIONS.3 CURLMOPT_MAX_PIPELINE_LENGTH.3 CURLMOPT_MAX_TOTAL_CONNECTIONS.3 CURLMOPT_MAXCONNECTS.3 CURLMOPT_PIPELINING.3 '/home/linux/rk3506/buildroot/output/rockchip_rk3506_recovery/host/arm-buildroot-linux-gnueabihf/sysroot/usr/share/man/man3'
2026-08-30T01:48:01 /usr/bin/install -c -m 644 CURLMOPT_PIPELINING_SERVER_BL.3 CURLMOPT_PIPELINING_SITE_BL.3 CURLMOPT_PUSHDATA.3 CURLMOPT_PUSHFUNCTION.3 CURLMOPT_SOCKETDATA.3 CURLMOPT_SOCKETFUNCTION.3 CURLMOPT_TIMERDATA.3 CURLMOPT_TIMERFUNCTION.3 CURLOPT_ABSTRACT_UNIX_SOCKET.3 CURLOPT_ACCEPT_ENCODING.3 CURLOPT_ACCEPTTIMEOUT_MS.3 CURLOPT_ADDRESS_SCOPE.3 CURLOPT_ALTSVC.3 CURLOPT_ALTSVC_CTRL.3 CURLOPT_APPEND.3 CURLOPT_AUTOREFERER.3 CURLOPT_AWS_SIGV4.3 CURLOPT_BUFFERSIZE.3 CURLOPT_CAINFO.3 CURLOPT_CAINFO_BLOB.3 CURLOPT_CAPATH.3 CURLOPT_CA_CACHE_TIMEOUT.3 CURLOPT_CERTINFO.3 CURLOPT_CHUNK_BGN_FUNCTION.3 CURLOPT_CHUNK_DATA.3 CURLOPT_CHUNK_END_FUNCTION.3 CURLOPT_CLOSESOCKETDATA.3 CURLOPT_CLOSESOCKETFUNCTION.3 CURLOPT_CONNECT_ONLY.3 CURLOPT_CONNECT_TO.3 CURLOPT_CONNECTTIMEOUT.3 CURLOPT_CONNECTTIMEOUT_MS.3 CURLOPT_CONV_FROM_NETWORK_FUNCTION.3 CURLOPT_CONV_FROM_UTF8_FUNCTION.3 CURLOPT_CONV_TO_NETWORK_FUNCTION.3 CURLOPT_COOKIE.3 CURLOPT_COOKIEFILE.3 CURLOPT_COOKIEJAR.3 CURLOPT_COOKIELIST.3 CURLOPT_COOKIESESSION.3 '/home/linux/rk3506/buildroot/output/rockchip_rk3506_recovery/host/arm-buildroot-linux-gnueabihf/sysroot/usr/share/man/man3'
2026-08-30T01:48:01 /usr/bin/install -c -m 644 CURLOPT_COPYPOSTFIELDS.3 CURLOPT_CRLF.3 CURLOPT_CRLFILE.3 CURLOPT_CURLU.3 CURLOPT_CUSTOMREQUEST.3 CURLOPT_DEBUGDATA.3 CURLOPT_DEBUGFUNCTION.3 CURLOPT_DEFAULT_PROTOCOL.3 CURLOPT_DIRLISTONLY.3 CURLOPT_DISALLOW_USERNAME_IN_URL.3 CURLOPT_DNS_CACHE_TIMEOUT.3 CURLOPT_DNS_INTERFACE.3 CURLOPT_DNS_LOCAL_IP4.3 CURLOPT_DNS_LOCAL_IP6.3 CURLOPT_DNS_SERVERS.3 CURLOPT_DNS_SHUFFLE_ADDRESSES.3 CURLOPT_DNS_USE_GLOBAL_CACHE.3 CURLOPT_DOH_SSL_VERIFYHOST.3 CURLOPT_DOH_SSL_VERIFYPEER.3 CURLOPT_DOH_SSL_VERIFYSTATUS.3 CURLOPT_DOH_URL.3 CURLOPT_EGDSOCKET.3 CURLOPT_ERRORBUFFER.3 CURLOPT_EXPECT_100_TIMEOUT_MS.3 CURLOPT_FAILONERROR.3 CURLOPT_FILETIME.3 CURLOPT_FNMATCH_DATA.3 CURLOPT_FNMATCH_FUNCTION.3 CURLOPT_FOLLOWLOCATION.3 CURLOPT_FORBID_REUSE.3 CURLOPT_FRESH_CONNECT.3 CURLOPT_FTP_ACCOUNT.3 CURLOPT_FTP_ALTERNATIVE_TO_USER.3 CURLOPT_FTP_CREATE_MISSING_DIRS.3 CURLOPT_FTP_FILEMETHOD.3 CURLOPT_FTP_SKIP_PASV_IP.3 CURLOPT_FTP_SSL_CCC.3 CURLOPT_FTP_USE_EPRT.3 CURLOPT_FTP_USE_EPSV.3 CURLOPT_FTP_USE_PRET.3 '/home/linux/rk3506/buildroot/output/rockchip_rk3506_recovery/host/arm-buildroot-linux-gnueabihf/sysroot/usr/share/man/man3'
2026-08-30T01:48:01 /usr/bin/install -c -m 644 CURLOPT_FTPPORT.3 CURLOPT_FTPSSLAUTH.3 CURLOPT_GSSAPI_DELEGATION.3 CURLOPT_HAPPY_EYEBALLS_TIMEOUT_MS.3 CURLOPT_HAPROXYPROTOCOL.3 CURLOPT_HAPROXY_CLIENT_IP.3 CURLOPT_HEADER.3 CURLOPT_HEADERDATA.3 CURLOPT_HEADERFUNCTION.3 CURLOPT_HEADEROPT.3 CURLOPT_HSTS.3 CURLOPT_HSTS_CTRL.3 CURLOPT_HSTSREADDATA.3 CURLOPT_HSTSREADFUNCTION.3 CURLOPT_HSTSWRITEDATA.3 CURLOPT_HSTSWRITEFUNCTION.3 CURLOPT_HTTP09_ALLOWED.3 CURLOPT_HTTP200ALIASES.3 CURLOPT_HTTP_CONTENT_DECODING.3 CURLOPT_HTTP_TRANSFER_DECODING.3 CURLOPT_HTTP_VERSION.3 CURLOPT_HTTPAUTH.3 CURLOPT_HTTPGET.3 CURLOPT_HTTPHEADER.3 CURLOPT_HTTPPOST.3 CURLOPT_HTTPPROXYTUNNEL.3 CURLOPT_IGNORE_CONTENT_LENGTH.3 CURLOPT_INFILESIZE.3 CURLOPT_INFILESIZE_LARGE.3 CURLOPT_INTERFACE.3 CURLOPT_INTERLEAVEDATA.3 CURLOPT_INTERLEAVEFUNCTION.3 CURLOPT_IOCTLDATA.3 CURLOPT_IOCTLFUNCTION.3 CURLOPT_IPRESOLVE.3 CURLOPT_ISSUERCERT.3 CURLOPT_ISSUERCERT_BLOB.3 CURLOPT_KEEP_SENDING_ON_ERROR.3 CURLOPT_KEYPASSWD.3 CURLOPT_KRBLEVEL.3 '/home/linux/rk3506/buildroot/output/rockchip_rk3506_recovery/host/arm-buildroot-linux-gnueabihf/sysroot/usr/share/man/man3'
2026-08-30T01:48:01 /usr/bin/install -c -m 644 CURLOPT_LOCALPORT.3 CURLOPT_LOCALPORTRANGE.3 CURLOPT_LOGIN_OPTIONS.3 CURLOPT_LOW_SPEED_LIMIT.3 CURLOPT_LOW_SPEED_TIME.3 CURLOPT_MAIL_AUTH.3 CURLOPT_MAIL_FROM.3 CURLOPT_MAIL_RCPT.3 CURLOPT_MAIL_RCPT_ALLOWFAILS.3 CURLOPT_MAX_RECV_SPEED_LARGE.3 CURLOPT_MAX_SEND_SPEED_LARGE.3 CURLOPT_MAXAGE_CONN.3 CURLOPT_MAXCONNECTS.3 CURLOPT_MAXFILESIZE.3 CURLOPT_MAXFILESIZE_LARGE.3 CURLOPT_MAXLIFETIME_CONN.3 CURLOPT_MAXREDIRS.3 CURLOPT_MIME_OPTIONS.3 CURLOPT_MIMEPOST.3 CURLOPT_NETRC.3 CURLOPT_NETRC_FILE.3 CURLOPT_NEW_DIRECTORY_PERMS.3 CURLOPT_NEW_FILE_PERMS.3 CURLOPT_NOBODY.3 CURLOPT_NOPROGRESS.3 CURLOPT_NOPROXY.3 CURLOPT_NOSIGNAL.3 CURLOPT_OPENSOCKETDATA.3 CURLOPT_OPENSOCKETFUNCTION.3 CURLOPT_PASSWORD.3 CURLOPT_PATH_AS_IS.3 CURLOPT_PINNEDPUBLICKEY.3 CURLOPT_PIPEWAIT.3 CURLOPT_PORT.3 CURLOPT_POST.3 CURLOPT_POSTFIELDS.3 CURLOPT_POSTFIELDSIZE.3 CURLOPT_POSTFIELDSIZE_LARGE.3 CURLOPT_POSTQUOTE.3 CURLOPT_POSTREDIR.3 '/home/linux/rk3506/buildroot/output/rockchip_rk3506_recovery/host/arm-buildroot-linux-gnueabihf/sysroot/usr/share/man/man3'
2026-08-30T01:48:01 /usr/bin/install -c -m 644 CURLOPT_PRE_PROXY.3 CURLOPT_PREQUOTE.3 CURLOPT_PREREQDATA.3 CURLOPT_PREREQFUNCTION.3 CURLOPT_PRIVATE.3 CURLOPT_PROGRESSDATA.3 CURLOPT_PROGRESSFUNCTION.3 CURLOPT_PROTOCOLS.3 CURLOPT_PROTOCOLS_STR.3 CURLOPT_PROXY.3 CURLOPT_PROXY_CAINFO.3 CURLOPT_PROXY_CAINFO_BLOB.3 CURLOPT_PROXY_CAPATH.3 CURLOPT_PROXY_CRLFILE.3 CURLOPT_PROXY_ISSUERCERT.3 CURLOPT_PROXY_ISSUERCERT_BLOB.3 CURLOPT_PROXY_KEYPASSWD.3 CURLOPT_PROXY_PINNEDPUBLICKEY.3 CURLOPT_PROXY_SERVICE_NAME.3 CURLOPT_PROXY_SSL_CIPHER_LIST.3 CURLOPT_PROXY_SSL_OPTIONS.3 CURLOPT_PROXY_SSL_VERIFYHOST.3 CURLOPT_PROXY_SSL_VERIFYPEER.3 CURLOPT_PROXY_SSLCERT.3 CURLOPT_PROXY_SSLCERT_BLOB.3 CURLOPT_PROXY_SSLCERTTYPE.3 CURLOPT_PROXY_SSLKEY.3 CURLOPT_PROXY_SSLKEY_BLOB.3 CURLOPT_PROXY_SSLKEYTYPE.3 CURLOPT_PROXY_SSLVERSION.3 CURLOPT_PROXY_TLS13_CIPHERS.3 CURLOPT_PROXY_TLSAUTH_PASSWORD.3 CURLOPT_PROXY_TLSAUTH_TYPE.3 CURLOPT_PROXY_TLSAUTH_USERNAME.3 CURLOPT_PROXY_TRANSFER_MODE.3 CURLOPT_PROXYAUTH.3 CURLOPT_PROXYHEADER.3 CURLOPT_PROXYPASSWORD.3 CURLOPT_PROXYPORT.3 CURLOPT_PROXYTYPE.3 '/home/linux/rk3506/buildroot/output/rockchip_rk3506_recovery/host/arm-buildroot-linux-gnueabihf/sysroot/usr/share/man/man3'
2026-08-30T01:48:01 /usr/bin/install -c -m 644 CURLOPT_PROXYUSERNAME.3 CURLOPT_PROXYUSERPWD.3 CURLOPT_PUT.3 CURLOPT_QUICK_EXIT.3 CURLOPT_QUOTE.3 CURLOPT_RANDOM_FILE.3 CURLOPT_RANGE.3 CURLOPT_READDATA.3 CURLOPT_READFUNCTION.3 CURLOPT_REDIR_PROTOCOLS.3 CURLOPT_REDIR_PROTOCOLS_STR.3 CURLOPT_REFERER.3 CURLOPT_REQUEST_TARGET.3 CURLOPT_RESOLVE.3 CURLOPT_RESOLVER_START_DATA.3 CURLOPT_RESOLVER_START_FUNCTION.3 CURLOPT_RESUME_FROM.3 CURLOPT_RESUME_FROM_LARGE.3 CURLOPT_RTSP_CLIENT_CSEQ.3 CURLOPT_RTSP_REQUEST.3 CURLOPT_RTSP_SERVER_CSEQ.3 CURLOPT_RTSP_SESSION_ID.3 CURLOPT_RTSP_STREAM_URI.3 CURLOPT_RTSP_TRANSPORT.3 CURLOPT_SASL_AUTHZID.3 CURLOPT_SASL_IR.3 CURLOPT_SEEKDATA.3 CURLOPT_SEEKFUNCTION.3 CURLOPT_SERVER_RESPONSE_TIMEOUT.3 CURLOPT_SERVER_RESPONSE_TIMEOUT_MS.3 CURLOPT_SERVICE_NAME.3 CURLOPT_SHARE.3 CURLOPT_SOCKOPTDATA.3 CURLOPT_SOCKOPTFUNCTION.3 CURLOPT_SOCKS5_AUTH.3 CURLOPT_SOCKS5_GSSAPI_NEC.3 CURLOPT_SOCKS5_GSSAPI_SERVICE.3 CURLOPT_SSH_AUTH_TYPES.3 CURLOPT_SSH_COMPRESSION.3 CURLOPT_SSH_HOSTKEYDATA.3 '/home/linux/rk3506/buildroot/output/rockchip_rk3506_recovery/host/arm-buildroot-linux-gnueabihf/sysroot/usr/share/man/man3'
2026-08-30T01:48:01 /usr/bin/install -c -m 644 CURLOPT_SSH_HOSTKEYFUNCTION.3 CURLOPT_SSH_HOST_PUBLIC_KEY_MD5.3 CURLOPT_SSH_HOST_PUBLIC_KEY_SHA256.3 CURLOPT_SSH_KEYDATA.3 CURLOPT_SSH_KEYFUNCTION.3 CURLOPT_SSH_KNOWNHOSTS.3 CURLOPT_SSH_PRIVATE_KEYFILE.3 CURLOPT_SSH_PUBLIC_KEYFILE.3 CURLOPT_SSL_CIPHER_LIST.3 CURLOPT_SSL_CTX_DATA.3 CURLOPT_SSL_CTX_FUNCTION.3 CURLOPT_SSL_EC_CURVES.3 CURLOPT_SSL_ENABLE_ALPN.3 CURLOPT_SSL_ENABLE_NPN.3 CURLOPT_SSL_FALSESTART.3 CURLOPT_SSL_OPTIONS.3 CURLOPT_SSL_SESSIONID_CACHE.3 CURLOPT_SSL_VERIFYHOST.3 CURLOPT_SSL_VERIFYPEER.3 CURLOPT_SSL_VERIFYSTATUS.3 CURLOPT_SSLCERT.3 CURLOPT_SSLCERT_BLOB.3 CURLOPT_SSLCERTTYPE.3 CURLOPT_SSLENGINE.3 CURLOPT_SSLENGINE_DEFAULT.3 CURLOPT_SSLKEY.3 CURLOPT_SSLKEY_BLOB.3 CURLOPT_SSLKEYTYPE.3 CURLOPT_SSLVERSION.3 CURLOPT_STDERR.3 CURLOPT_STREAM_DEPENDS.3 CURLOPT_STREAM_DEPENDS_E.3 CURLOPT_STREAM_WEIGHT.3 CURLOPT_SUPPRESS_CONNECT_HEADERS.3 CURLOPT_TCP_FASTOPEN.3 CURLOPT_TCP_KEEPALIVE.3 CURLOPT_TCP_KEEPIDLE.3 CURLOPT_TCP_KEEPINTVL.3 CURLOPT_TCP_NODELAY.3 CURLOPT_TELNETOPTIONS.3 '/home/linux/rk3506/buildroot/output/rockchip_rk3506_recovery/host/arm-buildroot-linux-gnueabihf/sysroot/usr/share/man/man3'
2026-08-30T01:48:01 /usr/bin/install -c -m 644 CURLOPT_TFTP_BLKSIZE.3 CURLOPT_TFTP_NO_OPTIONS.3 CURLOPT_TIMECONDITION.3 CURLOPT_TIMEOUT.3 CURLOPT_TIMEOUT_MS.3 CURLOPT_TIMEVALUE.3 CURLOPT_TIMEVALUE_LARGE.3 CURLOPT_TLS13_CIPHERS.3 CURLOPT_TLSAUTH_PASSWORD.3 CURLOPT_TLSAUTH_TYPE.3 CURLOPT_TLSAUTH_USERNAME.3 CURLOPT_TRAILERDATA.3 CURLOPT_TRAILERFUNCTION.3 CURLOPT_TRANSFER_ENCODING.3 CURLOPT_TRANSFERTEXT.3 CURLOPT_UNIX_SOCKET_PATH.3 CURLOPT_UNRESTRICTED_AUTH.3 CURLOPT_UPKEEP_INTERVAL_MS.3 CURLOPT_UPLOAD.3 CURLOPT_UPLOAD_BUFFERSIZE.3 CURLOPT_URL.3 CURLOPT_USE_SSL.3 CURLOPT_USERAGENT.3 CURLOPT_USERNAME.3 CURLOPT_USERPWD.3 CURLOPT_VERBOSE.3 CURLOPT_WILDCARDMATCH.3 CURLOPT_WRITEDATA.3 CURLOPT_WRITEFUNCTION.3 CURLOPT_WS_OPTIONS.3 CURLOPT_XFERINFODATA.3 CURLOPT_XFERINFOFUNCTION.3 CURLOPT_XOAUTH2_BEARER.3 CURLSHOPT_LOCKFUNC.3 CURLSHOPT_SHARE.3 CURLSHOPT_UNLOCKFUNC.3 CURLSHOPT_UNSHARE.3 CURLSHOPT_USERDATA.3 '/home/linux/rk3506/buildroot/output/rockchip_rk3506_recovery/host/arm-buildroot-linux-gnueabihf/sysroot/usr/share/man/man3'
2026-08-30T01:48:01 make[7]: Nothing to be done for 'install-exec-am'.
2026-08-30T01:48:01 /usr/bin/mkdir -p '/home/linux/rk3506/buildroot/output/rockchip_rk3506_recovery/host/arm-buildroot-linux-gnueabihf/sysroot/usr/share/aclocal'
2026-08-30T01:48:01 /usr/bin/install -c -m 644 libcurl.m4 '/home/linux/rk3506/buildroot/output/rockchip_rk3506_recovery/host/arm-buildroot-linux-gnueabihf/sysroot/usr/share/aclocal'
2026-08-30T01:48:01 /usr/bin/mkdir -p '/home/linux/rk3506/buildroot/output/rockchip_rk3506_recovery/host/arm-buildroot-linux-gnueabihf/sysroot/usr/share/man/man3'
2026-08-30T01:48:01 /usr/bin/install -c -m 644 curl_easy_cleanup.3 curl_easy_duphandle.3 curl_easy_escape.3 curl_easy_getinfo.3 curl_easy_header.3 curl_easy_init.3 curl_easy_nextheader.3 curl_easy_option_by_id.3 curl_easy_option_by_name.3 curl_easy_option_next.3 curl_easy_pause.3 curl_easy_perform.3 curl_easy_recv.3 curl_easy_reset.3 curl_easy_send.3 curl_easy_setopt.3 curl_easy_strerror.3 curl_easy_unescape.3 curl_easy_upkeep.3 curl_escape.3 curl_formadd.3 curl_formfree.3 curl_formget.3 curl_free.3 curl_getdate.3 curl_getenv.3 curl_global_cleanup.3 curl_global_init.3 curl_global_init_mem.3 curl_global_trace.3 curl_global_sslset.3 curl_mime_addpart.3 curl_mime_data.3 curl_mime_data_cb.3 curl_mime_encoder.3 curl_mime_filedata.3 curl_mime_filename.3 curl_mime_free.3 curl_mime_headers.3 curl_mime_init.3 '/home/linux/rk3506/buildroot/output/rockchip_rk3506_recovery/host/arm-buildroot-linux-gnueabihf/sysroot/usr/share/man/man3'
